Command line invocation:
    /Applications/Xcode_26.3.app/Contents/Developer/usr/bin/xcodebuild -project AniAnglia.xcodeproj -scheme AniAnglia -configuration Release -destination platform=macOS -derivedDataPath build CODE_SIGN_STYLE=Manual CODE_SIGN_IDENTITY=- CODE_SIGNING_REQUIRED=YES CODE_SIGNING_ALLOWED=YES ENABLE_HARDENED_RUNTIME=NO DEVELOPMENT_TEAM= build

Build settings from command line:
    CODE_SIGN_IDENTITY = -
    CODE_SIGN_STYLE = Manual
    CODE_SIGNING_ALLOWED = YES
    CODE_SIGNING_REQUIRED = YES
    DEVELOPMENT_TEAM = 
    ENABLE_HARDENED_RUNTIME = NO

2026-09-11 17:15:45.870 xcodebuild[1346:6630] [MT] IDERunDestination: Supported platforms for the buildables in the current scheme is empty.
--- xcodebuild: WARNING: Using the first of multiple matching destinations:
{ platform:macOS, arch:arm64, id:0cba000feda6f6be533c1212e7b2ca4b9b27e4cd, name:My Mac }
{ platform:macOS, arch:x86_64, id:0cba000feda6f6be533c1212e7b2ca4b9b27e4cd, name:My Mac }
note: Using codesigning identity override: -
ComputePackagePrebuildTargetDependencyGraph

Prepare packages

CreateBuildRequest

SendProjectDescription

CreateBuildOperation

ComputeTargetDependencyGraph
note: Building targets in dependency order
note: Target dependency graph (1 target)
    Target 'AniAnglia' in project 'AniAnglia' (no dependencies)

GatherProvisioningInputs

CreateBuildDescription

ExecuteExternalTool /Applications/Xcode_26.3.app/Contents/Developer/Toolchains/XcodeDefault.xctoolchain/usr/bin/clang -v -E -dM -isysroot /Applications/Xcode_26.3.app/Contents/Developer/Platforms/MacOSX.platform/Developer/SDKs/MacOSX26.2.sdk -x c -c /dev/null

ExecuteExternalTool /Applications/Xcode_26.3.app/Contents/Developer/Toolchains/XcodeDefault.xctoolchain/usr/bin/swiftc --version

ExecuteExternalTool /Applications/Xcode_26.3.app/Contents/Developer/Toolchains/XcodeDefault.xctoolchain/usr/bin/ld -version_details

Build description signature: 0f1561d57fdc19a6df8fe8f52e872e38
Build description path: /Users/runner/work/AniAnglia-macOS/AniAnglia-macOS/build/Build/Intermediates.noindex/XCBuildData/0f1561d57fdc19a6df8fe8f52e872e38.xcbuilddata
CreateBuildDirectory /Users/runner/work/AniAnglia-macOS/AniAnglia-macOS/build/Build/Products
    cd /Users/runner/work/AniAnglia-macOS/AniAnglia-macOS/AniAnglia.xcodeproj
    builtin-create-build-directory /Users/runner/work/AniAnglia-macOS/AniAnglia-macOS/build/Build/Products

CreateBuildDirectory /Users/runner/work/AniAnglia-macOS/AniAnglia-macOS/build/Build/Intermediates.noindex
    cd /Users/runner/work/AniAnglia-macOS/AniAnglia-macOS/AniAnglia.xcodeproj
    builtin-create-build-directory /Users/runner/work/AniAnglia-macOS/AniAnglia-macOS/build/Build/Intermediates.noindex

ClangStatCache /Applications/Xcode_26.3.app/Contents/Developer/Toolchains/XcodeDefault.xctoolchain/usr/bin/clang-stat-cache /Applications/Xcode_26.3.app/Contents/Developer/Platforms/MacOSX.platform/Developer/SDKs/MacOSX26.2.sdk /Users/runner/work/AniAnglia-macOS/AniAnglia-macOS/build/SDKStatCaches.noindex/macosx26.2-25C58-dc75598d0054f22ec865fa860f139d723a7ae8a47380b252078bfe6190e59ef2.sdkstatcache
    cd /Users/runner/work/AniAnglia-macOS/AniAnglia-macOS/AniAnglia.xcodeproj
    /Applications/Xcode_26.3.app/Contents/Developer/Toolchains/XcodeDefault.xctoolchain/usr/bin/clang-stat-cache /Applications/Xcode_26.3.app/Contents/Developer/Platforms/MacOSX.platform/Developer/SDKs/MacOSX26.2.sdk -o /Users/runner/work/AniAnglia-macOS/AniAnglia-macOS/build/SDKStatCaches.noindex/macosx26.2-25C58-dc75598d0054f22ec865fa860f139d723a7ae8a47380b252078bfe6190e59ef2.sdkstatcache

WriteAuxiliaryFile /Users/runner/work/AniAnglia-macOS/AniAnglia-macOS/build/Build/Intermediates.noindex/AniAnglia.build/Release/AniAnglia-a2c05de9c45a0e6363c9cf5fcaba0311-VFS/all-product-headers.yaml
    cd /Users/runner/work/AniAnglia-macOS/AniAnglia-macOS/AniAnglia.xcodeproj
    write-file /Users/runner/work/AniAnglia-macOS/AniAnglia-macOS/build/Build/Intermediates.noindex/AniAnglia.build/Release/AniAnglia-a2c05de9c45a0e6363c9cf5fcaba0311-VFS/all-product-headers.yaml

CreateBuildDirectory /Users/runner/work/AniAnglia-macOS/AniAnglia-macOS/build/Build/Intermediates.noindex/SwiftExplicitPrecompiledModules
    cd /Users/runner/work/AniAnglia-macOS/AniAnglia-macOS/AniAnglia.xcodeproj
    builtin-create-build-directory /Users/runner/work/AniAnglia-macOS/AniAnglia-macOS/build/Build/Intermediates.noindex/SwiftExplicitPrecompiledModules

CreateBuildDirectory /Users/runner/work/AniAnglia-macOS/AniAnglia-macOS/build/Build/Intermediates.noindex/ExplicitPrecompiledModules
    cd /Users/runner/work/AniAnglia-macOS/AniAnglia-macOS/AniAnglia.xcodeproj
    builtin-create-build-directory /Users/runner/work/AniAnglia-macOS/AniAnglia-macOS/build/Build/Intermediates.noindex/ExplicitPrecompiledModules

CreateBuildDirectory /Users/runner/work/AniAnglia-macOS/AniAnglia-macOS/build/Build/Intermediates.noindex/EagerLinkingTBDs/Release
    cd /Users/runner/work/AniAnglia-macOS/AniAnglia-macOS/AniAnglia.xcodeproj
    builtin-create-build-directory /Users/runner/work/AniAnglia-macOS/AniAnglia-macOS/build/Build/Intermediates.noindex/EagerLinkingTBDs/Release

CreateBuildDirectory /Users/runner/work/AniAnglia-macOS/AniAnglia-macOS/build/Build/Products/Release
    cd /Users/runner/work/AniAnglia-macOS/AniAnglia-macOS/AniAnglia.xcodeproj
    builtin-create-build-directory /Users/runner/work/AniAnglia-macOS/AniAnglia-macOS/build/Build/Products/Release

WriteAuxiliaryFile /Users/runner/work/AniAnglia-macOS/AniAnglia-macOS/build/Build/Intermediates.noindex/AniAnglia.build/Release/AniAnglia.build/Objects-normal/arm64/AniAnglia.LinkFileList (in target 'AniAnglia' from project 'AniAnglia')
    cd /Users/runner/work/AniAnglia-macOS/AniAnglia-macOS
    write-file /Users/runner/work/AniAnglia-macOS/AniAnglia-macOS/build/Build/Intermediates.noindex/AniAnglia.build/Release/AniAnglia.build/Objects-normal/arm64/AniAnglia.LinkFileList

WriteAuxiliaryFile /Users/runner/work/AniAnglia-macOS/AniAnglia-macOS/build/Build/Intermediates.noindex/AniAnglia.build/Release/AniAnglia.build/Objects-normal/arm64/AniAnglia_const_extract_protocols.json (in target 'AniAnglia' from project 'AniAnglia')
    cd /Users/runner/work/AniAnglia-macOS/AniAnglia-macOS
    write-file /Users/runner/work/AniAnglia-macOS/AniAnglia-macOS/build/Build/Intermediates.noindex/AniAnglia.build/Release/AniAnglia.build/Objects-normal/arm64/AniAnglia_const_extract_protocols.json

WriteAuxiliaryFile /Users/runner/work/AniAnglia-macOS/AniAnglia-macOS/build/Build/Intermediates.noindex/AniAnglia.build/Release/AniAnglia.build/Objects-normal/arm64/AniAnglia.SwiftFileList (in target 'AniAnglia' from project 'AniAnglia')
    cd /Users/runner/work/AniAnglia-macOS/AniAnglia-macOS
    write-file /Users/runner/work/AniAnglia-macOS/AniAnglia-macOS/build/Build/Intermediates.noindex/AniAnglia.build/Release/AniAnglia.build/Objects-normal/arm64/AniAnglia.SwiftFileList

WriteAuxiliaryFile /Users/runner/work/AniAnglia-macOS/AniAnglia-macOS/build/Build/Intermediates.noindex/AniAnglia.build/Release/AniAnglia.build/Objects-normal/arm64/AniAnglia.SwiftConstValuesFileList (in target 'AniAnglia' from project 'AniAnglia')
    cd /Users/runner/work/AniAnglia-macOS/AniAnglia-macOS
    write-file /Users/runner/work/AniAnglia-macOS/AniAnglia-macOS/build/Build/Intermediates.noindex/AniAnglia.build/Release/AniAnglia.build/Objects-normal/arm64/AniAnglia.SwiftConstValuesFileList

WriteAuxiliaryFile /Users/runner/work/AniAnglia-macOS/AniAnglia-macOS/build/Build/Intermediates.noindex/AniAnglia.build/Release/AniAnglia.build/Objects-normal/arm64/AniAnglia-OutputFileMap.json (in target 'AniAnglia' from project 'AniAnglia')
    cd /Users/runner/work/AniAnglia-macOS/AniAnglia-macOS
    write-file /Users/runner/work/AniAnglia-macOS/AniAnglia-macOS/build/Build/Intermediates.noindex/AniAnglia.build/Release/AniAnglia.build/Objects-normal/arm64/AniAnglia-OutputFileMap.json

WriteAuxiliaryFile /Users/runner/work/AniAnglia-macOS/AniAnglia-macOS/build/Build/Intermediates.noindex/AniAnglia.build/Release/AniAnglia.build/DerivedSources/Entitlements.plist (in target 'AniAnglia' from project 'AniAnglia')
    cd /Users/runner/work/AniAnglia-macOS/AniAnglia-macOS
    write-file /Users/runner/work/AniAnglia-macOS/AniAnglia-macOS/build/Build/Intermediates.noindex/AniAnglia.build/Release/AniAnglia.build/DerivedSources/Entitlements.plist

WriteAuxiliaryFile /Users/runner/work/AniAnglia-macOS/AniAnglia-macOS/build/Build/Intermediates.noindex/AniAnglia.build/Release/AniAnglia.build/AniAnglia.hmap (in target 'AniAnglia' from project 'AniAnglia')
    cd /Users/runner/work/AniAnglia-macOS/AniAnglia-macOS
    write-file /Users/runner/work/AniAnglia-macOS/AniAnglia-macOS/build/Build/Intermediates.noindex/AniAnglia.build/Release/AniAnglia.build/AniAnglia.hmap

WriteAuxiliaryFile /Users/runner/work/AniAnglia-macOS/AniAnglia-macOS/build/Build/Intermediates.noindex/AniAnglia.build/Release/AniAnglia.build/AniAnglia.DependencyStaticMetadataFileList (in target 'AniAnglia' from project 'AniAnglia')
    cd /Users/runner/work/AniAnglia-macOS/AniAnglia-macOS
    write-file /Users/runner/work/AniAnglia-macOS/AniAnglia-macOS/build/Build/Intermediates.noindex/AniAnglia.build/Release/AniAnglia.build/AniAnglia.DependencyStaticMetadataFileList

WriteAuxiliaryFile /Users/runner/work/AniAnglia-macOS/AniAnglia-macOS/build/Build/Intermediates.noindex/AniAnglia.build/Release/AniAnglia.build/AniAnglia.DependencyMetadataFileList (in target 'AniAnglia' from project 'AniAnglia')
    cd /Users/runner/work/AniAnglia-macOS/AniAnglia-macOS
    write-file /Users/runner/work/AniAnglia-macOS/AniAnglia-macOS/build/Build/Intermediates.noindex/AniAnglia.build/Release/AniAnglia.build/AniAnglia.DependencyMetadataFileList

WriteAuxiliaryFile /Users/runner/work/AniAnglia-macOS/AniAnglia-macOS/build/Build/Intermediates.noindex/AniAnglia.build/Release/AniAnglia.build/AniAnglia-project-headers.hmap (in target 'AniAnglia' from project 'AniAnglia')
    cd /Users/runner/work/AniAnglia-macOS/AniAnglia-macOS
    write-file /Users/runner/work/AniAnglia-macOS/AniAnglia-macOS/build/Build/Intermediates.noindex/AniAnglia.build/Release/AniAnglia.build/AniAnglia-project-headers.hmap

WriteAuxiliaryFile /Users/runner/work/AniAnglia-macOS/AniAnglia-macOS/build/Build/Intermediates.noindex/AniAnglia.build/Release/AniAnglia.build/AniAnglia-own-target-headers.hmap (in target 'AniAnglia' from project 'AniAnglia')
    cd /Users/runner/work/AniAnglia-macOS/AniAnglia-macOS
    write-file /Users/runner/work/AniAnglia-macOS/AniAnglia-macOS/build/Build/Intermediates.noindex/AniAnglia.build/Release/AniAnglia.build/AniAnglia-own-target-headers.hmap

WriteAuxiliaryFile /Users/runner/work/AniAnglia-macOS/AniAnglia-macOS/build/Build/Intermediates.noindex/AniAnglia.build/Release/AniAnglia.build/AniAnglia-generated-files.hmap (in target 'AniAnglia' from project 'AniAnglia')
    cd /Users/runner/work/AniAnglia-macOS/AniAnglia-macOS
    write-file /Users/runner/work/AniAnglia-macOS/AniAnglia-macOS/build/Build/Intermediates.noindex/AniAnglia.build/Release/AniAnglia.build/AniAnglia-generated-files.hmap

WriteAuxiliaryFile /Users/runner/work/AniAnglia-macOS/AniAnglia-macOS/build/Build/Intermediates.noindex/AniAnglia.build/Release/AniAnglia.build/AniAnglia-all-target-headers.hmap (in target 'AniAnglia' from project 'AniAnglia')
    cd /Users/runner/work/AniAnglia-macOS/AniAnglia-macOS
    write-file /Users/runner/work/AniAnglia-macOS/AniAnglia-macOS/build/Build/Intermediates.noindex/AniAnglia.build/Release/AniAnglia.build/AniAnglia-all-target-headers.hmap

WriteAuxiliaryFile /Users/runner/work/AniAnglia-macOS/AniAnglia-macOS/build/Build/Intermediates.noindex/AniAnglia.build/Release/AniAnglia.build/AniAnglia-all-non-framework-target-headers.hmap (in target 'AniAnglia' from project 'AniAnglia')
    cd /Users/runner/work/AniAnglia-macOS/AniAnglia-macOS
    write-file /Users/runner/work/AniAnglia-macOS/AniAnglia-macOS/build/Build/Intermediates.noindex/AniAnglia.build/Release/AniAnglia.build/AniAnglia-all-non-framework-target-headers.hmap

MkDir /Users/runner/work/AniAnglia-macOS/AniAnglia-macOS/build/Build/Products/Release/AniAnglia.app/Contents/MacOS (in target 'AniAnglia' from project 'AniAnglia')
    cd /Users/runner/work/AniAnglia-macOS/AniAnglia-macOS
    /bin/mkdir -p /Users/runner/work/AniAnglia-macOS/AniAnglia-macOS/build/Build/Products/Release/AniAnglia.app/Contents/MacOS

MkDir /Users/runner/work/AniAnglia-macOS/AniAnglia-macOS/build/Build/Products/Release/AniAnglia.app/Contents (in target 'AniAnglia' from project 'AniAnglia')
    cd /Users/runner/work/AniAnglia-macOS/AniAnglia-macOS
    /bin/mkdir -p /Users/runner/work/AniAnglia-macOS/AniAnglia-macOS/build/Build/Products/Release/AniAnglia.app/Contents

MkDir /Users/runner/work/AniAnglia-macOS/AniAnglia-macOS/build/Build/Products/Release/AniAnglia.app (in target 'AniAnglia' from project 'AniAnglia')
    cd /Users/runner/work/AniAnglia-macOS/AniAnglia-macOS
    /bin/mkdir -p /Users/runner/work/AniAnglia-macOS/AniAnglia-macOS/build/Build/Products/Release/AniAnglia.app

ProcessProductPackaging /Users/runner/work/AniAnglia-macOS/AniAnglia-macOS/Resources/AniAnglia.entitlements /Users/runner/work/AniAnglia-macOS/AniAnglia-macOS/build/Build/Intermediates.noindex/AniAnglia.build/Release/AniAnglia.build/AniAnglia.app.xcent (in target 'AniAnglia' from project 'AniAnglia')
    cd /Users/runner/work/AniAnglia-macOS/AniAnglia-macOS
    
    Entitlements:
    
    {
    "com.apple.security.app-sandbox" = 0;
    "com.apple.security.get-task-allow" = 1;
    "com.apple.security.network.client" = 1;
    "com.apple.security.network.server" = 0;
}
    
    builtin-productPackagingUtility /Users/runner/work/AniAnglia-macOS/AniAnglia-macOS/Resources/AniAnglia.entitlements -entitlements -format xml -o /Users/runner/work/AniAnglia-macOS/AniAnglia-macOS/build/Build/Intermediates.noindex/AniAnglia.build/Release/AniAnglia.build/AniAnglia.app.xcent

ProcessProductPackagingDER /Users/runner/work/AniAnglia-macOS/AniAnglia-macOS/build/Build/Intermediates.noindex/AniAnglia.build/Release/AniAnglia.build/AniAnglia.app.xcent /Users/runner/work/AniAnglia-macOS/AniAnglia-macOS/build/Build/Intermediates.noindex/AniAnglia.build/Release/AniAnglia.build/AniAnglia.app.xcent.der (in target 'AniAnglia' from project 'AniAnglia')
    cd /Users/runner/work/AniAnglia-macOS/AniAnglia-macOS
    /usr/bin/derq query -f xml -i /Users/runner/work/AniAnglia-macOS/AniAnglia-macOS/build/Build/Intermediates.noindex/AniAnglia.build/Release/AniAnglia.build/AniAnglia.app.xcent -o /Users/runner/work/AniAnglia-macOS/AniAnglia-macOS/build/Build/Intermediates.noindex/AniAnglia.build/Release/AniAnglia.build/AniAnglia.app.xcent.der --raw

ProcessInfoPlistFile /Users/runner/work/AniAnglia-macOS/AniAnglia-macOS/build/Build/Products/Release/AniAnglia.app/Contents/Info.plist /Users/runner/work/AniAnglia-macOS/AniAnglia-macOS/Resources/Info.plist (in target 'AniAnglia' from project 'AniAnglia')
    cd /Users/runner/work/AniAnglia-macOS/AniAnglia-macOS
    builtin-infoPlistUtility /Users/runner/work/AniAnglia-macOS/AniAnglia-macOS/Resources/Info.plist -producttype com.apple.product-type.application -genpkginfo /Users/runner/work/AniAnglia-macOS/AniAnglia-macOS/build/Build/Products/Release/AniAnglia.app/Contents/PkgInfo -expandbuildsettings -platform macosx -o /Users/runner/work/AniAnglia-macOS/AniAnglia-macOS/build/Build/Products/Release/AniAnglia.app/Contents/Info.plist

SwiftDriver AniAnglia normal arm64 com.apple.xcode.tools.swift.compiler (in target 'AniAnglia' from project 'AniAnglia')
    cd /Users/runner/work/AniAnglia-macOS/AniAnglia-macOS
    builtin-SwiftDriver -- /Applications/Xcode_26.3.app/Contents/Developer/Toolchains/XcodeDefault.xctoolchain/usr/bin/swiftc -module-name AniAnglia -O -whole-module-optimization -enforce-exclusivity\=checked @/Users/runner/work/AniAnglia-macOS/AniAnglia-macOS/build/Build/Intermediates.noindex/AniAnglia.build/Release/AniAnglia.build/Objects-normal/arm64/AniAnglia.SwiftFileList -enable-bare-slash-regex -enable-experimental-feature DebugDescriptionMacro -sdk /Applications/Xcode_26.3.app/Contents/Developer/Platforms/MacOSX.platform/Developer/SDKs/MacOSX26.2.sdk -target arm64-apple-macos13.0 -g -module-cache-path /Users/runner/work/AniAnglia-macOS/AniAnglia-macOS/build/ModuleCache.noindex -Xfrontend -serialize-debugging-options -swift-version 5 -I /Users/runner/work/AniAnglia-macOS/AniAnglia-macOS/build/Build/Products/Release -F /Users/runner/work/AniAnglia-macOS/AniAnglia-macOS/build/Build/Products/Release -emit-localized-strings -emit-localized-strings-path /Users/runner/work/AniAnglia-macOS/AniAnglia-macOS/build/Build/Intermediates.noindex/AniAnglia.build/Release/AniAnglia.build/Objects-normal/arm64 -c -num-threads 3 -Xcc -ivfsstatcache -Xcc /Users/runner/work/AniAnglia-macOS/AniAnglia-macOS/build/SDKStatCaches.noindex/macosx26.2-25C58-dc75598d0054f22ec865fa860f139d723a7ae8a47380b252078bfe6190e59ef2.sdkstatcache -output-file-map /Users/runner/work/AniAnglia-macOS/AniAnglia-macOS/build/Build/Intermediates.noindex/AniAnglia.build/Release/AniAnglia.build/Objects-normal/arm64/AniAnglia-OutputFileMap.json -use-frontend-parseable-output -save-temps -no-color-diagnostics -explicit-module-build -module-cache-path /Users/runner/work/AniAnglia-macOS/AniAnglia-macOS/build/Build/Intermediates.noindex/SwiftExplicitPrecompiledModules -clang-scanner-module-cache-path /Users/runner/work/AniAnglia-macOS/AniAnglia-macOS/build/ModuleCache.noindex -sdk-module-cache-path /Users/runner/work/AniAnglia-macOS/AniAnglia-macOS/build/ModuleCache.noindex -serialize-diagnostics -emit-dependencies -emit-module -emit-module-path /Users/runner/work/AniAnglia-macOS/AniAnglia-macOS/build/Build/Intermediates.noindex/AniAnglia.build/Release/AniAnglia.build/Objects-normal/arm64/AniAnglia.swiftmodule -validate-clang-modules-once -clang-build-session-file /Users/runner/work/AniAnglia-macOS/AniAnglia-macOS/build/ModuleCache.noindex/Session.modulevalidation -Xcc -I/Users/runner/work/AniAnglia-macOS/AniAnglia-macOS/build/Build/Intermediates.noindex/AniAnglia.build/Release/AniAnglia.build/swift-overrides.hmap -emit-const-values -Xfrontend -const-gather-protocols-file -Xfrontend /Users/runner/work/AniAnglia-macOS/AniAnglia-macOS/build/Build/Intermediates.noindex/AniAnglia.build/Release/AniAnglia.build/Objects-normal/arm64/AniAnglia_const_extract_protocols.json -Xcc -iquote -Xcc /Users/runner/work/AniAnglia-macOS/AniAnglia-macOS/build/Build/Intermediates.noindex/AniAnglia.build/Release/AniAnglia.build/AniAnglia-generated-files.hmap -Xcc -I/Users/runner/work/AniAnglia-macOS/AniAnglia-macOS/build/Build/Intermediates.noindex/AniAnglia.build/Release/AniAnglia.build/AniAnglia-own-target-headers.hmap -Xcc -I/Users/runner/work/AniAnglia-macOS/AniAnglia-macOS/build/Build/Intermediates.noindex/AniAnglia.build/Release/AniAnglia.build/AniAnglia-all-target-headers.hmap -Xcc -iquote -Xcc /Users/runner/work/AniAnglia-macOS/AniAnglia-macOS/build/Build/Intermediates.noindex/AniAnglia.build/Release/AniAnglia.build/AniAnglia-project-headers.hmap -Xcc -I/Users/runner/work/AniAnglia-macOS/AniAnglia-macOS/build/Build/Products/Release/include -Xcc -I/Users/runner/work/AniAnglia-macOS/AniAnglia-macOS/build/Build/Intermediates.noindex/AniAnglia.build/Release/AniAnglia.build/DerivedSources-normal/arm64 -Xcc -I/Users/runner/work/AniAnglia-macOS/AniAnglia-macOS/build/Build/Intermediates.noindex/AniAnglia.build/Release/AniAnglia.build/DerivedSources/arm64 -Xcc -I/Users/runner/work/AniAnglia-macOS/AniAnglia-macOS/build/Build/Intermediates.noindex/AniAnglia.build/Release/AniAnglia.build/DerivedSources -emit-objc-header -emit-objc-header-path /Users/runner/work/AniAnglia-macOS/AniAnglia-macOS/build/Build/Intermediates.noindex/AniAnglia.build/Release/AniAnglia.build/Objects-normal/arm64/AniAnglia-Swift.h -working-directory /Users/runner/work/AniAnglia-macOS/AniAnglia-macOS -no-emit-module-separately-wmo

SwiftDriver\ Compilation AniAnglia normal arm64 com.apple.xcode.tools.swift.compiler (in target 'AniAnglia' from project 'AniAnglia')
    cd /Users/runner/work/AniAnglia-macOS/AniAnglia-macOS
    builtin-Swift-Compilation -- /Applications/Xcode_26.3.app/Contents/Developer/Toolchains/XcodeDefault.xctoolchain/usr/bin/swiftc -module-name AniAnglia -O -whole-module-optimization -enforce-exclusivity\=checked @/Users/runner/work/AniAnglia-macOS/AniAnglia-macOS/build/Build/Intermediates.noindex/AniAnglia.build/Release/AniAnglia.build/Objects-normal/arm64/AniAnglia.SwiftFileList -enable-bare-slash-regex -enable-experimental-feature DebugDescriptionMacro -sdk /Applications/Xcode_26.3.app/Contents/Developer/Platforms/MacOSX.platform/Developer/SDKs/MacOSX26.2.sdk -target arm64-apple-macos13.0 -g -module-cache-path /Users/runner/work/AniAnglia-macOS/AniAnglia-macOS/build/ModuleCache.noindex -Xfrontend -serialize-debugging-options -swift-version 5 -I /Users/runner/work/AniAnglia-macOS/AniAnglia-macOS/build/Build/Products/Release -F /Users/runner/work/AniAnglia-macOS/AniAnglia-macOS/build/Build/Products/Release -emit-localized-strings -emit-localized-strings-path /Users/runner/work/AniAnglia-macOS/AniAnglia-macOS/build/Build/Intermediates.noindex/AniAnglia.build/Release/AniAnglia.build/Objects-normal/arm64 -c -num-threads 3 -Xcc -ivfsstatcache -Xcc /Users/runner/work/AniAnglia-macOS/AniAnglia-macOS/build/SDKStatCaches.noindex/macosx26.2-25C58-dc75598d0054f22ec865fa860f139d723a7ae8a47380b252078bfe6190e59ef2.sdkstatcache -output-file-map /Users/runner/work/AniAnglia-macOS/AniAnglia-macOS/build/Build/Intermediates.noindex/AniAnglia.build/Release/AniAnglia.build/Objects-normal/arm64/AniAnglia-OutputFileMap.json -use-frontend-parseable-output -save-temps -no-color-diagnostics -explicit-module-build -module-cache-path /Users/runner/work/AniAnglia-macOS/AniAnglia-macOS/build/Build/Intermediates.noindex/SwiftExplicitPrecompiledModules -clang-scanner-module-cache-path /Users/runner/work/AniAnglia-macOS/AniAnglia-macOS/build/ModuleCache.noindex -sdk-module-cache-path /Users/runner/work/AniAnglia-macOS/AniAnglia-macOS/build/ModuleCache.noindex -serialize-diagnostics -emit-dependencies -emit-module -emit-module-path /Users/runner/work/AniAnglia-macOS/AniAnglia-macOS/build/Build/Intermediates.noindex/AniAnglia.build/Release/AniAnglia.build/Objects-normal/arm64/AniAnglia.swiftmodule -validate-clang-modules-once -clang-build-session-file /Users/runner/work/AniAnglia-macOS/AniAnglia-macOS/build/ModuleCache.noindex/Session.modulevalidation -Xcc -I/Users/runner/work/AniAnglia-macOS/AniAnglia-macOS/build/Build/Intermediates.noindex/AniAnglia.build/Release/AniAnglia.build/swift-overrides.hmap -emit-const-values -Xfrontend -const-gather-protocols-file -Xfrontend /Users/runner/work/AniAnglia-macOS/AniAnglia-macOS/build/Build/Intermediates.noindex/AniAnglia.build/Release/AniAnglia.build/Objects-normal/arm64/AniAnglia_const_extract_protocols.json -Xcc -iquote -Xcc /Users/runner/work/AniAnglia-macOS/AniAnglia-macOS/build/Build/Intermediates.noindex/AniAnglia.build/Release/AniAnglia.build/AniAnglia-generated-files.hmap -Xcc -I/Users/runner/work/AniAnglia-macOS/AniAnglia-macOS/build/Build/Intermediates.noindex/AniAnglia.build/Release/AniAnglia.build/AniAnglia-own-target-headers.hmap -Xcc -I/Users/runner/work/AniAnglia-macOS/AniAnglia-macOS/build/Build/Intermediates.noindex/AniAnglia.build/Release/AniAnglia.build/AniAnglia-all-target-headers.hmap -Xcc -iquote -Xcc /Users/runner/work/AniAnglia-macOS/AniAnglia-macOS/build/Build/Intermediates.noindex/AniAnglia.build/Release/AniAnglia.build/AniAnglia-project-headers.hmap -Xcc -I/Users/runner/work/AniAnglia-macOS/AniAnglia-macOS/build/Build/Products/Release/include -Xcc -I/Users/runner/work/AniAnglia-macOS/AniAnglia-macOS/build/Build/Intermediates.noindex/AniAnglia.build/Release/AniAnglia.build/DerivedSources-normal/arm64 -Xcc -I/Users/runner/work/AniAnglia-macOS/AniAnglia-macOS/build/Build/Intermediates.noindex/AniAnglia.build/Release/AniAnglia.build/DerivedSources/arm64 -Xcc -I/Users/runner/work/AniAnglia-macOS/AniAnglia-macOS/build/Build/Intermediates.noindex/AniAnglia.build/Release/AniAnglia.build/DerivedSources -emit-objc-header -emit-objc-header-path /Users/runner/work/AniAnglia-macOS/AniAnglia-macOS/build/Build/Intermediates.noindex/AniAnglia.build/Release/AniAnglia.build/Objects-normal/arm64/AniAnglia-Swift.h -working-directory /Users/runner/work/AniAnglia-macOS/AniAnglia-macOS -no-emit-module-separately-wmo

SwiftExplicitDependencyGeneratePcm arm64 /Users/runner/work/AniAnglia-macOS/AniAnglia-macOS/build/ModuleCache.noindex/_SwiftConcurrencyShims-D9PE6P7BY2YUI0DBUP5P7GYMK.pcm

SwiftExplicitDependencyGeneratePcm arm64 /Users/runner/work/AniAnglia-macOS/AniAnglia-macOS/build/ModuleCache.noindex/DeveloperToolsSupport-5PHPZE5IGWA1KHQB52K3U0MG.pcm

SwiftExplicitDependencyGeneratePcm arm64 /Users/runner/work/AniAnglia-macOS/AniAnglia-macOS/build/ModuleCache.noindex/SwiftShims-6K6I0R8VVTLVG7VQJH5N79TFO.pcm

SwiftExplicitDependencyGeneratePcm arm64 /Users/runner/work/AniAnglia-macOS/AniAnglia-macOS/build/ModuleCache.noindex/_Builtin_float-8DNR1RRL9AGSQ7T4VYZT71ADJ.pcm

SwiftExplicitDependencyGeneratePcm arm64 /Users/runner/work/AniAnglia-macOS/AniAnglia-macOS/build/ModuleCache.noindex/ptrcheck-3U7YF8I79UF80AD8LWMGMIQTR.pcm

SwiftExplicitDependencyGeneratePcm arm64 /Users/runner/work/AniAnglia-macOS/AniAnglia-macOS/build/ModuleCache.noindex/ptrauth-F0LBONQN6S53ZA0M9NBI12YB8.pcm

SwiftExplicitDependencyGeneratePcm arm64 /Users/runner/work/AniAnglia-macOS/AniAnglia-macOS/build/ModuleCache.noindex/_AvailabilityInternal-2OASD23N8RI75KFRG5EOUP15B.pcm

SwiftExplicitDependencyGeneratePcm arm64 /Users/runner/work/AniAnglia-macOS/AniAnglia-macOS/build/ModuleCache.noindex/_Builtin_stddef-336C5LEAF8P1UF34MRLDIPZJ4.pcm

SwiftExplicitDependencyGeneratePcm arm64 /Users/runner/work/AniAnglia-macOS/AniAnglia-macOS/build/ModuleCache.noindex/_Builtin_stdbool-7AL9AZM3VDO0XLQ5YHB9DRI88.pcm

SwiftExplicitDependencyGeneratePcm arm64 /Users/runner/work/AniAnglia-macOS/AniAnglia-macOS/build/ModuleCache.noindex/_Builtin_stdarg-8RF5JNALU66A0G0IFGRJWVYZ2.pcm

SwiftExplicitDependencyGeneratePcm arm64 /Users/runner/work/AniAnglia-macOS/AniAnglia-macOS/build/ModuleCache.noindex/_DarwinFoundation1-IB7G8QR3EW60RD1W4GQY6SEZ.pcm

SwiftExplicitDependencyGeneratePcm arm64 /Users/runner/work/AniAnglia-macOS/AniAnglia-macOS/build/ModuleCache.noindex/_Builtin_limits-6K62CP4A58YO4KN58E0P3PJW5.pcm

SwiftExplicitDependencyGeneratePcm arm64 /Users/runner/work/AniAnglia-macOS/AniAnglia-macOS/build/ModuleCache.noindex/_DarwinFoundation2-E3XRTBY9RG2KQ29Z6NZHTE47F.pcm

SwiftExplicitDependencyGeneratePcm arm64 /Users/runner/work/AniAnglia-macOS/AniAnglia-macOS/build/ModuleCache.noindex/sys_types-9ZP0A5MX32GMPDSKCD9MGP8DS.pcm

SwiftExplicitDependencyGeneratePcm arm64 /Users/runner/work/AniAnglia-macOS/AniAnglia-macOS/build/ModuleCache.noindex/_Builtin_tgmath-7HUNLAD23UGZUXDSCGGC0PU7J.pcm

SwiftExplicitDependencyGeneratePcm arm64 /Users/runner/work/AniAnglia-macOS/AniAnglia-macOS/build/ModuleCache.noindex/_Builtin_stdint-CDQK4QGC2U195XQ49I9G96NXB.pcm

SwiftExplicitDependencyGeneratePcm arm64 /Users/runner/work/AniAnglia-macOS/AniAnglia-macOS/build/ModuleCache.noindex/OpenGL-EGE12OXCJUOP0DZM5IRFW60UW.pcm

SwiftExplicitDependencyGeneratePcm arm64 /Users/runner/work/AniAnglia-macOS/AniAnglia-macOS/build/ModuleCache.noindex/_DarwinFoundation3-1HCP1EC8XI5T48WP0I1LIZ69A.pcm

SwiftExplicitDependencyGeneratePcm arm64 /Users/runner/work/AniAnglia-macOS/AniAnglia-macOS/build/ModuleCache.noindex/libDER-AR49J2VI2JA64971B4ZDGDBMA.pcm

SwiftExplicitDependencyGeneratePcm arm64 /Users/runner/work/AniAnglia-macOS/AniAnglia-macOS/build/ModuleCache.noindex/_Builtin_intrinsics-9HXKQMRE0P3N8XADMUJSBCS81.pcm

SwiftExplicitDependencyGeneratePcm arm64 /Users/runner/work/AniAnglia-macOS/AniAnglia-macOS/build/ModuleCache.noindex/_Builtin_stdatomic-2JUBRSXQP5S8LEWOJ3UUNM0NE.pcm

SwiftExplicitDependencyGeneratePcm arm64 /Users/runner/work/AniAnglia-macOS/AniAnglia-macOS/build/ModuleCache.noindex/_Builtin_inttypes-9SAEUUI1KD1VWFIJQH1A1QI4Z.pcm

SwiftExplicitDependencyGeneratePcm arm64 /Users/runner/work/AniAnglia-macOS/AniAnglia-macOS/build/ModuleCache.noindex/Darwin-1Z6XCBCQJDMLDSGEMMEREOZG7.pcm

SwiftExplicitDependencyGeneratePcm arm64 /Users/runner/work/AniAnglia-macOS/AniAnglia-macOS/build/ModuleCache.noindex/simd-EVPVO5L0L0R453MGM8J9SDJNA.pcm

SwiftExplicitDependencyGeneratePcm arm64 /Users/runner/work/AniAnglia-macOS/AniAnglia-macOS/build/ModuleCache.noindex/libkern-B92XMKJP04KD7ULV5K14IQOYZ.pcm

SwiftExplicitDependencyGeneratePcm arm64 /Users/runner/work/AniAnglia-macOS/AniAnglia-macOS/build/ModuleCache.noindex/MachO-FT9OM9L1I8QFNMAHU84A1Y6J.pcm

SwiftExplicitDependencyGeneratePcm arm64 /Users/runner/work/AniAnglia-macOS/AniAnglia-macOS/build/ModuleCache.noindex/launch-2ND7YE4DK2WFA3IXB6WVSZ36H.pcm

SwiftExplicitDependencyGeneratePcm arm64 /Users/runner/work/AniAnglia-macOS/AniAnglia-macOS/build/ModuleCache.noindex/CUPS-9HKOCSB29Y0S8X8FSCMT9MP99.pcm

SwiftExplicitDependencyGeneratePcm arm64 /Users/runner/work/AniAnglia-macOS/AniAnglia-macOS/build/ModuleCache.noindex/ObjectiveC-1PEWD37KDCDJHWBWZJO9J2WF4.pcm

SwiftExplicitDependencyGeneratePcm arm64 /Users/runner/work/AniAnglia-macOS/AniAnglia-macOS/build/ModuleCache.noindex/os_object-25Z1JF9YFYSVOQROQ4LYPAQRT.pcm

SwiftExplicitDependencyGeneratePcm arm64 /Users/runner/work/AniAnglia-macOS/AniAnglia-macOS/build/ModuleCache.noindex/Spatial-DGVKJ9OJP2YVSDS1F4TFMCYPD.pcm

SwiftExplicitDependencyGeneratePcm arm64 /Users/runner/work/AniAnglia-macOS/AniAnglia-macOS/build/ModuleCache.noindex/os_workgroup-BQ6E4FAJUTVFMT9B3ISFGMC1Q.pcm

SwiftExplicitDependencyGeneratePcm arm64 /Users/runner/work/AniAnglia-macOS/AniAnglia-macOS/build/ModuleCache.noindex/Dispatch-UZ3K0QHIBHM2PI6J06I12M8Z.pcm

SwiftExplicitDependencyGeneratePcm arm64 /Users/runner/work/AniAnglia-macOS/AniAnglia-macOS/build/ModuleCache.noindex/dnssd-CG2FXGNV1I01FZ5PY5GFZPK60.pcm

SwiftExplicitDependencyGeneratePcm arm64 /Users/runner/work/AniAnglia-macOS/AniAnglia-macOS/build/ModuleCache.noindex/XPC-EHZ8U4Y8PKOEPF0FBGHF1M24I.pcm

SwiftExplicitDependencyGeneratePcm arm64 /Users/runner/work/AniAnglia-macOS/AniAnglia-macOS/build/ModuleCache.noindex/CoreFoundation-1BCFV89PMRH15P6P8T1FOQZHS.pcm

SwiftExplicitDependencyGeneratePcm arm64 /Users/runner/work/AniAnglia-macOS/AniAnglia-macOS/build/ModuleCache.noindex/os-D2FSDUYA033XD8B6911BSSXLO.pcm

SwiftExplicitDependencyGeneratePcm arm64 /Users/runner/work/AniAnglia-macOS/AniAnglia-macOS/build/ModuleCache.noindex/ColorSync-5SD74UMWP9URH7EKHD2QEBDBB.pcm

SwiftExplicitDependencyGeneratePcm arm64 /Users/runner/work/AniAnglia-macOS/AniAnglia-macOS/build/ModuleCache.noindex/Security-1M7UUD4IZFP10WM2E9Z6C01JX.pcm

SwiftExplicitDependencyGeneratePcm arm64 /Users/runner/work/AniAnglia-macOS/AniAnglia-macOS/build/ModuleCache.noindex/IOKit-APJEFDU8KFQJM9LFI4Z5UR1IY.pcm

SwiftExplicitDependencyGeneratePcm arm64 /Users/runner/work/AniAnglia-macOS/AniAnglia-macOS/build/ModuleCache.noindex/CFNetwork-EYKDKQ90SIIAOLH9H6YZ2JP36.pcm

SwiftExplicitDependencyGeneratePcm arm64 /Users/runner/work/AniAnglia-macOS/AniAnglia-macOS/build/ModuleCache.noindex/CoreGraphics-BWSWKPINS03JB7TXNJFYK6QUM.pcm

SwiftExplicitDependencyGeneratePcm arm64 /Users/runner/work/AniAnglia-macOS/AniAnglia-macOS/build/ModuleCache.noindex/DiskArbitration-CGVHVCO0PEHWM0LDUU0CHIRK9.pcm

SwiftExplicitDependencyGeneratePcm arm64 /Users/runner/work/AniAnglia-macOS/AniAnglia-macOS/build/ModuleCache.noindex/CoreServices-F5DM5ZC78GBKL31HZGPFB9B3A.pcm

SwiftExplicitDependencyGeneratePcm arm64 /Users/runner/work/AniAnglia-macOS/AniAnglia-macOS/build/ModuleCache.noindex/ImageIO-548TXNN95LPGUX5EFY6ER1FQS.pcm

SwiftExplicitDependencyGeneratePcm arm64 /Users/runner/work/AniAnglia-macOS/AniAnglia-macOS/build/ModuleCache.noindex/CoreText-76DOV5UIBYDQFRT5L2CLY5GXW.pcm

SwiftExplicitDependencyGeneratePcm arm64 /Users/runner/work/AniAnglia-macOS/AniAnglia-macOS/build/ModuleCache.noindex/Foundation-8LRUDOI6BL8QRVRY6OYVZPKLI.pcm

SwiftExplicitDependencyGeneratePcm arm64 /Users/runner/work/AniAnglia-macOS/AniAnglia-macOS/build/ModuleCache.noindex/UniformTypeIdentifiers-7513S1C8XOC3RZGP2YWEQFWT3.pcm

SwiftExplicitDependencyGeneratePcm arm64 /Users/runner/work/AniAnglia-macOS/AniAnglia-macOS/build/ModuleCache.noindex/DataDetection-3JUCZXUXKDCYGGN4LV5HMNVM0.pcm

SwiftExplicitDependencyGeneratePcm arm64 /Users/runner/work/AniAnglia-macOS/AniAnglia-macOS/build/ModuleCache.noindex/ApplicationServices-9434NFGK1ZIR1I3IKY9FUZ07.pcm

SwiftExplicitDependencyGeneratePcm arm64 /Users/runner/work/AniAnglia-macOS/AniAnglia-macOS/build/ModuleCache.noindex/OSLog-ERW0SRM8EC8UOT2HNKCB41MZF.pcm

SwiftExplicitDependencyGeneratePcm arm64 /Users/runner/work/AniAnglia-macOS/AniAnglia-macOS/build/ModuleCache.noindex/JavaScriptCore-78TL359WFSTJV43DGU4DY5DTT.pcm

SwiftExplicitDependencyGeneratePcm arm64 /Users/runner/work/AniAnglia-macOS/AniAnglia-macOS/build/ModuleCache.noindex/CoreTransferable-8H2W473EX4KL5TPKU84XUF5K0.pcm

SwiftExplicitDependencyGeneratePcm arm64 /Users/runner/work/AniAnglia-macOS/AniAnglia-macOS/build/ModuleCache.noindex/Symbols-8OL9KIFO860SO0KZTHTYCYNIH.pcm

SwiftExplicitDependencyGeneratePcm arm64 /Users/runner/work/AniAnglia-macOS/AniAnglia-macOS/build/ModuleCache.noindex/IOSurface-881CDQHNYNBQHCC4GWSAZ7O2H.pcm

SwiftExplicitDependencyGeneratePcm arm64 /Users/runner/work/AniAnglia-macOS/AniAnglia-macOS/build/ModuleCache.noindex/Network-1IMBWJ66COWKLTL2NT2ELE1X3.pcm

SwiftExplicitDependencyGeneratePcm arm64 /Users/runner/work/AniAnglia-macOS/AniAnglia-macOS/build/ModuleCache.noindex/CoreData-ECPHOX83RM85IM8RRRYUFW4JV.pcm

SwiftExplicitDependencyGeneratePcm arm64 /Users/runner/work/AniAnglia-macOS/AniAnglia-macOS/build/ModuleCache.noindex/Accessibility-AGZZSZR9BXZCGV5VD1FNUPTCQ.pcm

SwiftExplicitDependencyGeneratePcm arm64 /Users/runner/work/AniAnglia-macOS/AniAnglia-macOS/build/ModuleCache.noindex/Metal-6LQGWFDNDDASKP2K0A0I9T5OS.pcm

SwiftExplicitDependencyGeneratePcm arm64 /Users/runner/work/AniAnglia-macOS/AniAnglia-macOS/build/ModuleCache.noindex/CoreVideo-D2B9Z37ACU9B6EAPJ7UD1WVRY.pcm

SwiftExplicitDependencyGeneratePcm arm64 /Users/runner/work/AniAnglia-macOS/AniAnglia-macOS/build/ModuleCache.noindex/CoreImage-5QEWSVKVEDQI4KPVQ8NN9ZM8Y.pcm

SwiftExplicitDependencyGeneratePcm arm64 /Users/runner/work/AniAnglia-macOS/AniAnglia-macOS/build/ModuleCache.noindex/QuartzCore-3O2WIYIJAWLHTC2BXAWL29EFW.pcm

SwiftExplicitDependencyGeneratePcm arm64 /Users/runner/work/AniAnglia-macOS/AniAnglia-macOS/build/ModuleCache.noindex/SwiftUICore-P30ESFPV4VCBQ4QZ9B27VIJ9.pcm

SwiftExplicitDependencyGeneratePcm arm64 /Users/runner/work/AniAnglia-macOS/AniAnglia-macOS/build/ModuleCache.noindex/AppKit-8BL1WAF1PE64GJYPF8I0BKCKS.pcm

SwiftExplicitDependencyGeneratePcm arm64 /Users/runner/work/AniAnglia-macOS/AniAnglia-macOS/build/ModuleCache.noindex/WebKit-67U0DOJ4OZIH8CX5LI4MC47B6.pcm

SwiftExplicitDependencyGeneratePcm arm64 /Users/runner/work/AniAnglia-macOS/AniAnglia-macOS/build/ModuleCache.noindex/SwiftUI-B77MUS672PNHNYPSFOQN7N4S9.pcm

SwiftCompile normal arm64 Compiling\ AccountToolbar.swift,\ AniAngliaApp.swift,\ AnixartAPI.swift,\ AnixartGenres.swift,\ AppState.swift,\ AuthStore.swift,\ BookmarksView.swift,\ CatalogView.swift,\ Comment.swift,\ CommentsView.swift,\ ContentView.swift,\ Endpoints.swift,\ Episode.swift,\ EpisodesView.swift,\ GenresPickerButton.swift,\ HistoryView.swift,\ HomeView.swift,\ LoginSheet.swift,\ PlayerSettings.swift,\ Profile.swift,\ ProfileView.swift,\ Release.swift,\ ReleaseCard.swift,\ ReleaseDetailView.swift,\ RemoteImage.swift,\ ScreenshotsViewer.swift,\ SearchView.swift,\ SettingsView.swift,\ Video.swift,\ VideoPlayerSheet.swift /Users/runner/work/AniAnglia-macOS/AniAnglia-macOS/Sources/AniAnglia/Features/Account/AccountToolbar.swift /Users/runner/work/AniAnglia-macOS/AniAnglia-macOS/Sources/AniAnglia/AniAngliaApp.swift /Users/runner/work/AniAnglia-macOS/AniAnglia-macOS/Sources/AniAnglia/Networking/AnixartAPI.swift /Users/runner/work/AniAnglia-macOS/AniAnglia-macOS/Sources/AniAnglia/Models/AnixartGenres.swift /Users/runner/work/AniAnglia-macOS/AniAnglia-macOS/Sources/AniAnglia/AppState.swift /Users/runner/work/AniAnglia-macOS/AniAnglia-macOS/Sources/AniAnglia/Auth/AuthStore.swift /Users/runner/work/AniAnglia-macOS/AniAnglia-macOS/Sources/AniAnglia/Features/Bookmarks/BookmarksView.swift /Users/runner/work/AniAnglia-macOS/AniAnglia-macOS/Sources/AniAnglia/Features/Catalog/CatalogView.swift /Users/runner/work/AniAnglia-macOS/AniAnglia-macOS/Sources/AniAnglia/Models/Comment.swift /Users/runner/work/AniAnglia-macOS/AniAnglia-macOS/Sources/AniAnglia/Features/Release/CommentsView.swift /Users/runner/work/AniAnglia-macOS/AniAnglia-macOS/Sources/AniAnglia/ContentView.swift /Users/runner/work/AniAnglia-macOS/AniAnglia-macOS/Sources/AniAnglia/Networking/Endpoints.swift /Users/runner/work/AniAnglia-macOS/AniAnglia-macOS/Sources/AniAnglia/Models/Episode.swift /Users/runner/work/AniAnglia-macOS/AniAnglia-macOS/Sources/AniAnglia/Features/Release/EpisodesView.swift /Users/runner/work/AniAnglia-macOS/AniAnglia-macOS/Sources/AniAnglia/Features/Catalog/GenresPickerButton.swift /Users/runner/work/AniAnglia-macOS/AniAnglia-macOS/Sources/AniAnglia/Features/History/HistoryView.swift /Users/runner/work/AniAnglia-macOS/AniAnglia-macOS/Sources/AniAnglia/Features/Home/HomeView.swift /Users/runner/work/AniAnglia-macOS/AniAnglia-macOS/Sources/AniAnglia/Features/Account/LoginSheet.swift /Users/runner/work/AniAnglia-macOS/AniAnglia-macOS/Sources/AniAnglia/Features/Player/PlayerSettings.swift /Users/runner/work/AniAnglia-macOS/AniAnglia-macOS/Sources/AniAnglia/Models/Profile.swift /Users/runner/work/AniAnglia-macOS/AniAnglia-macOS/Sources/AniAnglia/Features/Profile/ProfileView.swift /Users/runner/work/AniAnglia-macOS/AniAnglia-macOS/Sources/AniAnglia/Models/Release.swift /Users/runner/work/AniAnglia-macOS/AniAnglia-macOS/Sources/AniAnglia/Common/ReleaseCard.swift /Users/runner/work/AniAnglia-macOS/AniAnglia-macOS/Sources/AniAnglia/Features/Release/ReleaseDetailView.swift /Users/runner/work/AniAnglia-macOS/AniAnglia-macOS/Sources/AniAnglia/Common/RemoteImage.swift /Users/runner/work/AniAnglia-macOS/AniAnglia-macOS/Sources/AniAnglia/Features/Release/ScreenshotsViewer.swift /Users/runner/work/AniAnglia-macOS/AniAnglia-macOS/Sources/AniAnglia/Features/Search/SearchView.swift /Users/runner/work/AniAnglia-macOS/AniAnglia-macOS/Sources/AniAnglia/Features/Settings/SettingsView.swift /Users/runner/work/AniAnglia-macOS/AniAnglia-macOS/Sources/AniAnglia/Models/Video.swift /Users/runner/work/AniAnglia-macOS/AniAnglia-macOS/Sources/AniAnglia/Features/Release/VideoPlayerSheet.swift /Applications/Xcode_26.3.app/Contents/Developer/Toolchains/XcodeDefault.xctoolchain/usr/lib/swift/macosx/prebuilt-modules/26.2/Distributed.swiftmodule/arm64e-apple-macos.swiftmodule /Applications/Xcode_26.3.app/Contents/Developer/Toolchains/XcodeDefault.xctoolchain/usr/lib/swift/macosx/prebuilt-modules/26.2/DataDetection.swiftmodule/arm64e-apple-macos.swiftmodule /Applications/Xcode_26.3.app/Contents/Developer/Toolchains/XcodeDefault.xctoolchain/usr/lib/swift/macosx/prebuilt-modules/26.2/CoreGraphics.swiftmodule/arm64e-apple-macos.swiftmodule /Applications/Xcode_26.3.app/Contents/Developer/Toolchains/XcodeDefault.xctoolchain/usr/lib/swift/macosx/prebuilt-modules/26.2/ObjectiveC.swiftmodule/arm64e-apple-macos.swiftmodule /Applications/Xcode_26.3.app/Contents/Developer/Toolchains/XcodeDefault.xctoolchain/usr/lib/swift/macosx/prebuilt-modules/26.2/_DarwinFoundation1.swiftmodule/arm64e-apple-macos.swiftmodule /Applications/Xcode_26.3.app/Contents/Developer/Toolchains/XcodeDefault.xctoolchain/usr/lib/swift/macosx/prebuilt-modules/26.2/Spatial.swiftmodule/arm64e-apple-macos.swiftmodule /Applications/Xcode_26.3.app/Contents/Developer/Toolchains/XcodeDefault.xctoolchain/usr/lib/swift/macosx/prebuilt-modules/26.2/Darwin.swiftmodule/arm64e-apple-macos.swiftmodule /Applications/Xcode_26.3.app/Contents/Developer/Toolchains/XcodeDefault.xctoolchain/usr/lib/swift/macosx/prebuilt-modules/26.2/Accessibility.swiftmodule/arm64e-apple-macos.swiftmodule /Applications/Xcode_26.3.app/Contents/Developer/Toolchains/XcodeDefault.xctoolchain/usr/lib/swift/macosx/prebuilt-modules/26.2/UniformTypeIdentifiers.swiftmodule/arm64e-apple-macos.swiftmodule /Applications/Xcode_26.3.app/Contents/Developer/Toolchains/XcodeDefault.xctoolchain/usr/lib/swift/macosx/prebuilt-modules/26.2/_DarwinFoundation2.swiftmodule/arm64e-apple-macos.swiftmodule /Applications/Xcode_26.3.app/Contents/Developer/Toolchains/XcodeDefault.xctoolchain/usr/lib/swift/macosx/prebuilt-modules/26.2/System.swiftmodule/arm64e-apple-macos.swiftmodule /Applications/Xcode_26.3.app/Contents/Developer/Toolchains/XcodeDefault.xctoolchain/usr/lib/swift/macosx/prebuilt-modules/26.2/CoreData.swiftmodule/arm64e-apple-macos.swiftmodule /Applications/Xcode_26.3.app/Contents/Developer/Toolchains/XcodeDefault.xctoolchain/usr/lib/swift/macosx/prebuilt-modules/26.2/WebKit.swiftmodule/arm64e-apple-macos.swiftmodule /Applications/Xcode_26.3.app/Contents/Developer/Toolchains/XcodeDefault.xctoolchain/usr/lib/swift/macosx/prebuilt-modules/26.2/Combine.swiftmodule/arm64e-apple-macos.swiftmodule /Applications/Xcode_26.3.app/Contents/Developer/Toolchains/XcodeDefault.xctoolchain/usr/lib/swift/macosx/prebuilt-modules/26.2/_Concurrency.swiftmodule/arm64e-apple-macos.swiftmodule /Applications/Xcode_26.3.app/Contents/Developer/Toolchains/XcodeDefault.xctoolchain/usr/lib/swift/macosx/prebuilt-modules/26.2/Metal.swiftmodule/arm64e-apple-macos.swiftmodule /Applications/Xcode_26.3.app/Contents/Developer/Toolchains/XcodeDefault.xctoolchain/usr/lib/swift/macosx/prebuilt-modules/26.2/Dispatch.swiftmodule/arm64e-apple-macos.swiftmodule /Applications/Xcode_26.3.app/Contents/Developer/Toolchains/XcodeDefault.xctoolchain/usr/lib/swift/macosx/prebuilt-modules/26.2/Swift.swiftmodule/arm64e-apple-macos.swiftmodule /Applications/Xcode_26.3.app/Contents/Developer/Toolchains/XcodeDefault.xctoolchain/usr/lib/swift/macosx/prebuilt-modules/26.2/DeveloperToolsSupport.swiftmodule/arm64e-apple-macos.swiftmodule /Applications/Xcode_26.3.app/Contents/Developer/Toolchains/XcodeDefault.xctoolchain/usr/lib/swift/macosx/prebuilt-modules/26.2/CoreImage.swiftmodule/arm64e-apple-macos.swiftmodule /Applications/Xcode_26.3.app/Contents/Developer/Toolchains/XcodeDefault.xctoolchain/usr/lib/swift/macosx/prebuilt-modules/26.2/Symbols.swiftmodule/arm64e-apple-macos.swiftmodule /Applications/Xcode_26.3.app/Contents/Developer/Toolchains/XcodeDefault.xctoolchain/usr/lib/swift/macosx/prebuilt-modules/26.2/_Builtin_float.swiftmodule/arm64e-apple-macos.swiftmodule /Applications/Xcode_26.3.app/Contents/Developer/Toolchains/XcodeDefault.xctoolchain/usr/lib/swift/macosx/prebuilt-modules/26.2/_StringProcessing.swiftmodule/arm64e-apple-macos.swiftmodule /Applications/Xcode_26.3.app/Contents/Developer/Toolchains/XcodeDefault.xctoolchain/usr/lib/swift/macosx/prebuilt-modules/26.2/Observation.swiftmodule/arm64e-apple-macos.swiftmodule /Applications/Xcode_26.3.app/Contents/Developer/Toolchains/XcodeDefault.xctoolchain/usr/lib/swift/macosx/prebuilt-modules/26.2/SwiftUI.swiftmodule/arm64e-apple-macos.swiftmodule /Applications/Xcode_26.3.app/Contents/Developer/Toolchains/XcodeDefault.xctoolchain/usr/lib/swift/macosx/prebuilt-modules/26.2/_WebKit_SwiftUI.swiftmodule/arm64e-apple-macos.swiftmodule /Applications/Xcode_26.3.app/Contents/Developer/Toolchains/XcodeDefault.xctoolchain/usr/lib/swift/macosx/prebuilt-modules/26.2/XPC.swiftmodule/arm64e-apple-macos.swiftmodule /Applications/Xcode_26.3.app/Contents/Developer/Toolchains/XcodeDefault.xctoolchain/usr/lib/swift/macosx/prebuilt-modules/26.2/CoreVideo.swiftmodule/arm64e-apple-macos.swiftmodule /Applications/Xcode_26.3.app/Contents/Developer/Toolchains/XcodeDefault.xctoolchain/usr/lib/swift/macosx/prebuilt-modules/26.2/QuartzCore.swiftmodule/arm64e-apple-macos.swiftmodule /Applications/Xcode_26.3.app/Contents/Developer/Toolchains/XcodeDefault.xctoolchain/usr/lib/swift/macosx/prebuilt-modules/26.2/AppKit.swiftmodule/arm64e-apple-macos.swiftmodule /Applications/Xcode_26.3.app/Contents/Developer/Toolchains/XcodeDefault.xctoolchain/usr/lib/swift/macosx/prebuilt-modules/26.2/Foundation.swiftmodule/arm64e-apple-macos.swiftmodule /Applications/Xcode_26.3.app/Contents/Developer/Toolchains/XcodeDefault.xctoolchain/usr/lib/swift/macosx/prebuilt-modules/26.2/IOKit.swiftmodule/arm64e-apple-macos.swiftmodule /Applications/Xcode_26.3.app/Contents/Developer/Toolchains/XcodeDefault.xctoolchain/usr/lib/swift/macosx/prebuilt-modules/26.2/os.swiftmodule/arm64e-apple-macos.swiftmodule /Applications/Xcode_26.3.app/Contents/Developer/Toolchains/XcodeDefault.xctoolchain/usr/lib/swift/macosx/prebuilt-modules/26.2/_DarwinFoundation3.swiftmodule/arm64e-apple-macos.swiftmodule /Applications/Xcode_26.3.app/Contents/Developer/Toolchains/XcodeDefault.xctoolchain/usr/lib/swift/macosx/prebuilt-modules/26.2/Network.swiftmodule/arm64e-apple-macos.swiftmodule /Applications/Xcode_26.3.app/Contents/Developer/Toolchains/XcodeDefault.xctoolchain/usr/lib/swift/macosx/prebuilt-modules/26.2/CoreText.swiftmodule/arm64e-apple-macos.swiftmodule /Applications/Xcode_26.3.app/Contents/Developer/Toolchains/XcodeDefault.xctoolchain/usr/lib/swift/macosx/prebuilt-modules/26.2/OSLog.swiftmodule/arm64e-apple-macos.swiftmodule /Applications/Xcode_26.3.app/Contents/Developer/Toolchains/XcodeDefault.xctoolchain/usr/lib/swift/macosx/prebuilt-modules/26.2/CoreTransferable.swiftmodule/arm64e-apple-macos.swiftmodule /Applications/Xcode_26.3.app/Contents/Developer/Toolchains/XcodeDefault.xctoolchain/usr/lib/swift/macosx/prebuilt-modules/26.2/SwiftUICore.swiftmodule/arm64e-apple-macos.swiftmodule /Applications/Xcode_26.3.app/Contents/Developer/Toolchains/XcodeDefault.xctoolchain/usr/lib/swift/macosx/prebuilt-modules/26.2/CoreFoundation.swiftmodule/arm64e-apple-macos.swiftmodule /Applications/Xcode_26.3.app/Contents/Developer/Toolchains/XcodeDefault.xctoolchain/usr/lib/swift/macosx/prebuilt-modules/26.2/simd.swiftmodule/arm64e-apple-macos.swiftmodule /Users/runner/work/AniAnglia-macOS/AniAnglia-macOS/build/ModuleCache.noindex/MachO-FT9OM9L1I8QFNMAHU84A1Y6J.pcm /Users/runner/work/AniAnglia-macOS/AniAnglia-macOS/build/ModuleCache.noindex/ptrcheck-3U7YF8I79UF80AD8LWMGMIQTR.pcm /Users/runner/work/AniAnglia-macOS/AniAnglia-macOS/build/ModuleCache.noindex/_DarwinFoundation3-1HCP1EC8XI5T48WP0I1LIZ69A.pcm /Users/runner/work/AniAnglia-macOS/AniAnglia-macOS/build/ModuleCache.noindex/CFNetwork-EYKDKQ90SIIAOLH9H6YZ2JP36.pcm /Users/runner/work/AniAnglia-macOS/AniAnglia-macOS/build/ModuleCache.noindex/SwiftUICore-P30ESFPV4VCBQ4QZ9B27VIJ9.pcm /Users/runner/work/AniAnglia-macOS/AniAnglia-macOS/build/ModuleCache.noindex/OpenGL-EGE12OXCJUOP0DZM5IRFW60UW.pcm /Users/runner/work/AniAnglia-macOS/AniAnglia-macOS/build/ModuleCache.noindex/OSLog-ERW0SRM8EC8UOT2HNKCB41MZF.pcm /Users/runner/work/AniAnglia-macOS/AniAnglia-macOS/build/ModuleCache.noindex/_Builtin_tgmath-7HUNLAD23UGZUXDSCGGC0PU7J.pcm /Users/runner/work/AniAnglia-macOS/AniAnglia-macOS/build/ModuleCache.noindex/dnssd-CG2FXGNV1I01FZ5PY5GFZPK60.pcm /Users/runner/work/AniAnglia-macOS/AniAnglia-macOS/build/ModuleCache.noindex/WebKit-67U0DOJ4OZIH8CX5LI4MC47B6.pcm /Users/runner/work/AniAnglia-macOS/AniAnglia-macOS/build/ModuleCache.noindex/Dispatch-UZ3K0QHIBHM2PI6J06I12M8Z.pcm /Users/runner/work/AniAnglia-macOS/AniAnglia-macOS/build/ModuleCache.noindex/CoreFoundation-1BCFV89PMRH15P6P8T1FOQZHS.pcm /Users/runner/work/AniAnglia-macOS/AniAnglia-macOS/build/ModuleCache.noindex/CoreImage-5QEWSVKVEDQI4KPVQ8NN9ZM8Y.pcm /Users/runner/work/AniAnglia-macOS/AniAnglia-macOS/build/ModuleCache.noindex/SwiftShims-6K6I0R8VVTLVG7VQJH5N79TFO.pcm /Users/runner/work/AniAnglia-macOS/AniAnglia-macOS/build/ModuleCache.noindex/CoreServices-F5DM5ZC78GBKL31HZGPFB9B3A.pcm /Users/runner/work/AniAnglia-macOS/AniAnglia-macOS/build/ModuleCache.noindex/CUPS-9HKOCSB29Y0S8X8FSCMT9MP99.pcm /Users/runner/work/AniAnglia-macOS/AniAnglia-macOS/build/ModuleCache.noindex/CoreVideo-D2B9Z37ACU9B6EAPJ7UD1WVRY.pcm /Users/runner/work/AniAnglia-macOS/AniAnglia-macOS/build/ModuleCache.noindex/os-D2FSDUYA033XD8B6911BSSXLO.pcm /Users/runner/work/AniAnglia-macOS/AniAnglia-macOS/build/ModuleCache.noindex/CoreGraphics-BWSWKPINS03JB7TXNJFYK6QUM.pcm /Users/runner/work/AniAnglia-macOS/AniAnglia-macOS/build/ModuleCache.noindex/Network-1IMBWJ66COWKLTL2NT2ELE1X3.pcm /Users/runner/work/AniAnglia-macOS/AniAnglia-macOS/build/ModuleCache.noindex/_Builtin_float-8DNR1RRL9AGSQ7T4VYZT71ADJ.pcm /Users/runner/work/AniAnglia-macOS/AniAnglia-macOS/build/ModuleCache.noindex/libkern-B92XMKJP04KD7ULV5K14IQOYZ.pcm /Users/runner/work/AniAnglia-macOS/AniAnglia-macOS/build/ModuleCache.noindex/IOSurface-881CDQHNYNBQHCC4GWSAZ7O2H.pcm /Users/runner/work/AniAnglia-macOS/AniAnglia-macOS/build/ModuleCache.noindex/QuartzCore-3O2WIYIJAWLHTC2BXAWL29EFW.pcm /Users/runner/work/AniAnglia-macOS/AniAnglia-macOS/build/ModuleCache.noindex/_Builtin_stdatomic-2JUBRSXQP5S8LEWOJ3UUNM0NE.pcm /Users/runner/work/AniAnglia-macOS/AniAnglia-macOS/build/ModuleCache.noindex/_DarwinFoundation1-IB7G8QR3EW60RD1W4GQY6SEZ.pcm /Users/runner/work/AniAnglia-macOS/AniAnglia-macOS/build/ModuleCache.noindex/Metal-6LQGWFDNDDASKP2K0A0I9T5OS.pcm /Users/runner/work/AniAnglia-macOS/AniAnglia-macOS/build/ModuleCache.noindex/Security-1M7UUD4IZFP10WM2E9Z6C01JX.pcm /Users/runner/work/AniAnglia-macOS/AniAnglia-macOS/build/ModuleCache.noindex/_Builtin_stddef-336C5LEAF8P1UF34MRLDIPZJ4.pcm /Users/runner/work/AniAnglia-macOS/AniAnglia-macOS/build/ModuleCache.noindex/Spatial-DGVKJ9OJP2YVSDS1F4TFMCYPD.pcm /Users/runner/work/AniAnglia-macOS/AniAnglia-macOS/build/ModuleCache.noindex/Darwin-1Z6XCBCQJDMLDSGEMMEREOZG7.pcm /Users/runner/work/AniAnglia-macOS/AniAnglia-macOS/build/ModuleCache.noindex/DeveloperToolsSupport-5PHPZE5IGWA1KHQB52K3U0MG.pcm /Users/runner/work/AniAnglia-macOS/AniAnglia-macOS/build/ModuleCache.noindex/libDER-AR49J2VI2JA64971B4ZDGDBMA.pcm /Users/runner/work/AniAnglia-macOS/AniAnglia-macOS/build/ModuleCache.noindex/DataDetection-3JUCZXUXKDCYGGN4LV5HMNVM0.pcm /Users/runner/work/AniAnglia-macOS/AniAnglia-macOS/build/ModuleCache.noindex/XPC-EHZ8U4Y8PKOEPF0FBGHF1M24I.pcm /Users/runner/work/AniAnglia-macOS/AniAnglia-macOS/build/ModuleCache.noindex/_AvailabilityInternal-2OASD23N8RI75KFRG5EOUP15B.pcm /Users/runner/work/AniAnglia-macOS/AniAnglia-macOS/build/ModuleCache.noindex/DiskArbitration-CGVHVCO0PEHWM0LDUU0CHIRK9.pcm /Users/runner/work/AniAnglia-macOS/AniAnglia-macOS/build/ModuleCache.noindex/Symbols-8OL9KIFO860SO0KZTHTYCYNIH.pcm /Users/runner/work/AniAnglia-macOS/AniAnglia-macOS/build/ModuleCache.noindex/_SwiftConcurrencyShims-D9PE6P7BY2YUI0DBUP5P7GYMK.pcm /Users/runner/work/AniAnglia-macOS/AniAnglia-macOS/build/ModuleCache.noindex/_DarwinFoundation2-E3XRTBY9RG2KQ29Z6NZHTE47F.pcm /Users/runner/work/AniAnglia-macOS/AniAnglia-macOS/build/ModuleCache.noindex/os_object-25Z1JF9YFYSVOQROQ4LYPAQRT.pcm /Users/runner/work/AniAnglia-macOS/AniAnglia-macOS/build/ModuleCache.noindex/os_workgroup-BQ6E4FAJUTVFMT9B3ISFGMC1Q.pcm /Users/runner/work/AniAnglia-macOS/AniAnglia-macOS/build/ModuleCache.noindex/sys_types-9ZP0A5MX32GMPDSKCD9MGP8DS.pcm /Users/runner/work/AniAnglia-macOS/AniAnglia-macOS/build/ModuleCache.noindex/ApplicationServices-9434NFGK1ZIR1I3IKY9FUZ07.pcm /Users/runner/work/AniAnglia-macOS/AniAnglia-macOS/build/ModuleCache.noindex/simd-EVPVO5L0L0R453MGM8J9SDJNA.pcm /Users/runner/work/AniAnglia-macOS/AniAnglia-macOS/build/ModuleCache.noindex/AppKit-8BL1WAF1PE64GJYPF8I0BKCKS.pcm /Users/runner/work/AniAnglia-macOS/AniAnglia-macOS/build/ModuleCache.noindex/_Builtin_inttypes-9SAEUUI1KD1VWFIJQH1A1QI4Z.pcm /Users/runner/work/AniAnglia-macOS/AniAnglia-macOS/build/ModuleCache.noindex/ImageIO-548TXNN95LPGUX5EFY6ER1FQS.pcm /Users/runner/work/AniAnglia-macOS/AniAnglia-macOS/build/ModuleCache.noindex/_Builtin_limits-6K62CP4A58YO4KN58E0P3PJW5.pcm /Users/runner/work/AniAnglia-macOS/AniAnglia-macOS/build/ModuleCache.noindex/UniformTypeIdentifiers-7513S1C8XOC3RZGP2YWEQFWT3.pcm /Users/runner/work/AniAnglia-macOS/AniAnglia-macOS/build/ModuleCache.noindex/Foundation-8LRUDOI6BL8QRVRY6OYVZPKLI.pcm /Users/runner/work/AniAnglia-macOS/AniAnglia-macOS/build/ModuleCache.noindex/_Builtin_stdbool-7AL9AZM3VDO0XLQ5YHB9DRI88.pcm /Users/runner/work/AniAnglia-macOS/AniAnglia-macOS/build/ModuleCache.noindex/IOKit-APJEFDU8KFQJM9LFI4Z5UR1IY.pcm /Users/runner/work/AniAnglia-macOS/AniAnglia-macOS/build/ModuleCache.noindex/SwiftUI-B77MUS672PNHNYPSFOQN7N4S9.pcm /Users/runner/work/AniAnglia-macOS/AniAnglia-macOS/build/ModuleCache.noindex/CoreData-ECPHOX83RM85IM8RRRYUFW4JV.pcm /Users/runner/work/AniAnglia-macOS/AniAnglia-macOS/build/ModuleCache.noindex/_Builtin_stdarg-8RF5JNALU66A0G0IFGRJWVYZ2.pcm /Users/runner/work/AniAnglia-macOS/AniAnglia-macOS/build/ModuleCache.noindex/CoreTransferable-8H2W473EX4KL5TPKU84XUF5K0.pcm /Users/runner/work/AniAnglia-macOS/AniAnglia-macOS/build/ModuleCache.noindex/JavaScriptCore-78TL359WFSTJV43DGU4DY5DTT.pcm /Users/runner/work/AniAnglia-macOS/AniAnglia-macOS/build/ModuleCache.noindex/Accessibility-AGZZSZR9BXZCGV5VD1FNUPTCQ.pcm /Users/runner/work/AniAnglia-macOS/AniAnglia-macOS/build/ModuleCache.noindex/ptrauth-F0LBONQN6S53ZA0M9NBI12YB8.pcm /Users/runner/work/AniAnglia-macOS/AniAnglia-macOS/build/ModuleCache.noindex/ObjectiveC-1PEWD37KDCDJHWBWZJO9J2WF4.pcm /Users/runner/work/AniAnglia-macOS/AniAnglia-macOS/build/ModuleCache.noindex/CoreText-76DOV5UIBYDQFRT5L2CLY5GXW.pcm /Users/runner/work/AniAnglia-macOS/AniAnglia-macOS/build/ModuleCache.noindex/_Builtin_intrinsics-9HXKQMRE0P3N8XADMUJSBCS81.pcm /Users/runner/work/AniAnglia-macOS/AniAnglia-macOS/build/ModuleCache.noindex/_Builtin_stdint-CDQK4QGC2U195XQ49I9G96NXB.pcm /Users/runner/work/AniAnglia-macOS/AniAnglia-macOS/build/ModuleCache.noindex/ColorSync-5SD74UMWP9URH7EKHD2QEBDBB.pcm /Users/runner/work/AniAnglia-macOS/AniAnglia-macOS/build/ModuleCache.noindex/launch-2ND7YE4DK2WFA3IXB6WVSZ36H.pcm /Users/runner/work/AniAnglia-macOS/AniAnglia-macOS/build/Build/Intermediates.noindex/AniAnglia.build/Release/AniAnglia.build/Objects-normal/arm64/AniAnglia-dependencies-1.json (in target 'AniAnglia' from project 'AniAnglia')

CompileSwift normal arm64 (in target 'AniAnglia' from project 'AniAnglia')
    cd /Users/runner/work/AniAnglia-macOS/AniAnglia-macOS
    
/Users/runner/work/AniAnglia-macOS/AniAnglia-macOS/Sources/AniAnglia/Features/Release/VideoPlayerSheet.swift:159:28: error: extra arguments at positions #2, #3, #4, #5, #6, #7 in call
                    WebView(
                           ^
/Users/runner/work/AniAnglia-macOS/AniAnglia-macOS/Sources/AniAnglia/Features/Release/VideoPlayerSheet.swift:322:8: note: 'init(url:)' declared here
struct WebView: NSViewRepresentable {
       ^

Failed frontend command:
/Applications/Xcode_26.3.app/Contents/Developer/Toolchains/XcodeDefault.xctoolchain/usr/bin/swift-frontend -frontend -c /Users/runner/work/AniAnglia-macOS/AniAnglia-macOS/Sources/AniAnglia/Features/Account/AccountToolbar.swift /Users/runner/work/AniAnglia-macOS/AniAnglia-macOS/Sources/AniAnglia/AniAngliaApp.swift /Users/runner/work/AniAnglia-macOS/AniAnglia-macOS/Sources/AniAnglia/Networking/AnixartAPI.swift /Users/runner/work/AniAnglia-macOS/AniAnglia-macOS/Sources/AniAnglia/Models/AnixartGenres.swift /Users/runner/work/AniAnglia-macOS/AniAnglia-macOS/Sources/AniAnglia/AppState.swift /Users/runner/work/AniAnglia-macOS/AniAnglia-macOS/Sources/AniAnglia/Auth/AuthStore.swift /Users/runner/work/AniAnglia-macOS/AniAnglia-macOS/Sources/AniAnglia/Features/Bookmarks/BookmarksView.swift /Users/runner/work/AniAnglia-macOS/AniAnglia-macOS/Sources/AniAnglia/Features/Catalog/CatalogView.swift /Users/runner/work/AniAnglia-macOS/AniAnglia-macOS/Sources/AniAnglia/Models/Comment.swift /Users/runner/work/AniAnglia-macOS/AniAnglia-macOS/Sources/AniAnglia/Features/Release/CommentsView.swift /Users/runner/work/AniAnglia-macOS/AniAnglia-macOS/Sources/AniAnglia/ContentView.swift /Users/runner/work/AniAnglia-macOS/AniAnglia-macOS/Sources/AniAnglia/Networking/Endpoints.swift /Users/runner/work/AniAnglia-macOS/AniAnglia-macOS/Sources/AniAnglia/Models/Episode.swift /Users/runner/work/AniAnglia-macOS/AniAnglia-macOS/Sources/AniAnglia/Features/Release/EpisodesView.swift /Users/runner/work/AniAnglia-macOS/AniAnglia-macOS/Sources/AniAnglia/Features/Catalog/GenresPickerButton.swift /Users/runner/work/AniAnglia-macOS/AniAnglia-macOS/Sources/AniAnglia/Features/History/HistoryView.swift /Users/runner/work/AniAnglia-macOS/AniAnglia-macOS/Sources/AniAnglia/Features/Home/HomeView.swift /Users/runner/work/AniAnglia-macOS/AniAnglia-macOS/Sources/AniAnglia/Features/Account/LoginSheet.swift /Users/runner/work/AniAnglia-macOS/AniAnglia-macOS/Sources/AniAnglia/Features/Player/PlayerSettings.swift /Users/runner/work/AniAnglia-macOS/AniAnglia-macOS/Sources/AniAnglia/Models/Profile.swift /Users/runner/work/AniAnglia-macOS/AniAnglia-macOS/Sources/AniAnglia/Features/Profile/ProfileView.swift /Users/runner/work/AniAnglia-macOS/AniAnglia-macOS/Sources/AniAnglia/Models/Release.swift /Users/runner/work/AniAnglia-macOS/AniAnglia-macOS/Sources/AniAnglia/Common/ReleaseCard.swift /Users/runner/work/AniAnglia-macOS/AniAnglia-macOS/Sources/AniAnglia/Features/Release/ReleaseDetailView.swift /Users/runner/work/AniAnglia-macOS/AniAnglia-macOS/Sources/AniAnglia/Common/RemoteImage.swift /Users/runner/work/AniAnglia-macOS/AniAnglia-macOS/Sources/AniAnglia/Features/Release/ScreenshotsViewer.swift /Users/runner/work/AniAnglia-macOS/AniAnglia-macOS/Sources/AniAnglia/Features/Search/SearchView.swift /Users/runner/work/AniAnglia-macOS/AniAnglia-macOS/Sources/AniAnglia/Features/Settings/SettingsView.swift /Users/runner/work/AniAnglia-macOS/AniAnglia-macOS/Sources/AniAnglia/Models/Video.swift /Users/runner/work/AniAnglia-macOS/AniAnglia-macOS/Sources/AniAnglia/Features/Release/VideoPlayerSheet.swift -supplementary-output-file-map /Users/runner/work/AniAnglia-macOS/AniAnglia-macOS/build/Build/Intermediates.noindex/AniAnglia.build/Release/AniAnglia.build/Objects-normal/arm64/supplementaryOutputs-1 -emit-localized-strings -emit-localized-strings-path /Users/runner/work/AniAnglia-macOS/AniAnglia-macOS/build/Build/Intermediates.noindex/AniAnglia.build/Release/AniAnglia.build/Objects-normal/arm64 -target arm64-apple-macos13.0 -disable-cross-import-overlay-search -swift-module-cross-import WebKit /Applications/Xcode_26.3.app/Contents/Developer/Platforms/MacOSX.platform/Developer/SDKs/MacOSX.sdk/System/Cryptexes/OS/System/Library/Frameworks/WebKit.framework/Modules/WebKit.swiftcrossimport/SwiftUI.swiftoverlay -swift-module-cross-import WebKit /Applications/Xcode_26.3.app/Contents/Developer/Platforms/MacOSX.platform/Developer/SDKs/MacOSX26.2.sdk/System/Library/Frameworks/WebKit.framework/Modules/WebKit.swiftcrossimport/SwiftUI.swiftoverlay -load-resolved-plugin /Applications/Xcode_26.3.app/Contents/Developer/Platforms/MacOSX.platform/Developer/usr/lib/swift/host/plugins/libFoundationMacros.dylib\#/Applications/Xcode_26.3.app/Contents/Developer/Platforms/MacOSX.platform/Developer/usr/bin/swift-plugin-server\#FoundationMacros -load-resolved-plugin /Applications/Xcode_26.3.app/Contents/Developer/Platforms/MacOSX.platform/Developer/usr/lib/swift/host/plugins/libObservationMacros.dylib\#/Applications/Xcode_26.3.app/Contents/Developer/Platforms/MacOSX.platform/Developer/usr/bin/swift-plugin-server\#ObservationMacros -load-resolved-plugin /Applications/Xcode_26.3.app/Contents/Developer/Platforms/MacOSX.platform/Developer/usr/lib/swift/host/plugins/libPreviewsMacros.dylib\#/Applications/Xcode_26.3.app/Contents/Developer/Platforms/MacOSX.platform/Developer/usr/bin/swift-plugin-server\#PreviewsMacros -load-resolved-plugin /Applications/Xcode_26.3.app/Contents/Developer/Platforms/MacOSX.platform/Developer/usr/lib/swift/host/plugins/libSwiftMacros.dylib\#/Applications/Xcode_26.3.app/Contents/Developer/Platforms/MacOSX.platform/Developer/usr/bin/swift-plugin-server\#SwiftMacros -load-resolved-plugin /Applications/Xcode_26.3.app/Contents/Developer/Platforms/MacOSX.platform/Developer/usr/lib/swift/host/plugins/libSwiftUIMacros.dylib\#/Applications/Xcode_26.3.app/Contents/Developer/Platforms/MacOSX.platform/Developer/usr/bin/swift-plugin-server\#SwiftUIMacros -disable-implicit-swift-modules -Xcc -fno-implicit-modules -Xcc -fno-implicit-module-maps -explicit-swift-module-map-file /Users/runner/work/AniAnglia-macOS/AniAnglia-macOS/build/Build/Intermediates.noindex/AniAnglia.build/Release/AniAnglia.build/Objects-normal/arm64/AniAnglia-dependencies-1.json -Xllvm -aarch64-use-tbi -enable-objc-interop -stack-check -sdk /Applications/Xcode_26.3.app/Contents/Developer/Platforms/MacOSX.platform/Developer/SDKs/MacOSX26.2.sdk -I /Users/runner/work/AniAnglia-macOS/AniAnglia-macOS/build/Build/Products/Release -F /Users/runner/work/AniAnglia-macOS/AniAnglia-macOS/build/Build/Products/Release -no-color-diagnostics -Xcc -fno-color-diagnostics -g -debug-info-format\=dwarf -dwarf-version\=4 -module-cache-path /Users/runner/work/AniAnglia-macOS/AniAnglia-macOS/build/Build/Intermediates.noindex/SwiftExplicitPrecompiledModules -swift-version 5 -enforce-exclusivity\=checked -O -serialize-debugging-options -const-gather-protocols-file /Users/runner/work/AniAnglia-macOS/AniAnglia-macOS/build/Build/Intermediates.noindex/AniAnglia.build/Release/AniAnglia.build/Objects-normal/arm64/AniAnglia_const_extract_protocols.json -enable-experimental-feature DebugDescriptionMacro -enable-bare-slash-regex -empty-abi-descriptor -validate-clang-modules-once -clang-build-session-file /Users/runner/work/AniAnglia-macOS/AniAnglia-macOS/build/ModuleCache.noindex/Session.modulevalidation -Xcc -working-directory -Xcc /Users/runner/work/AniAnglia-macOS/AniAnglia-macOS -file-compilation-dir /Users/runner/work/AniAnglia-macOS/AniAnglia-macOS -Xcc -ivfsstatcache -Xcc /Users/runner/work/AniAnglia-macOS/AniAnglia-macOS/build/SDKStatCaches.noindex/macosx26.2-25C58-dc75598d0054f22ec865fa860f139d723a7ae8a47380b252078bfe6190e59ef2.sdkstatcache -Xcc -I/Users/runner/work/AniAnglia-macOS/AniAnglia-macOS/build/Build/Intermediates.noindex/AniAnglia.build/Release/AniAnglia.build/swift-overrides.hmap -Xcc -iquote -Xcc /Users/runner/work/AniAnglia-macOS/AniAnglia-macOS/build/Build/Intermediates.noindex/AniAnglia.build/Release/AniAnglia.build/AniAnglia-generated-files.hmap -Xcc -I/Users/runner/work/AniAnglia-macOS/AniAnglia-macOS/build/Build/Intermediates.noindex/AniAnglia.build/Release/AniAnglia.build/AniAnglia-own-target-headers.hmap -Xcc -I/Users/runner/work/AniAnglia-macOS/AniAnglia-macOS/build/Build/Intermediates.noindex/AniAnglia.build/Release/AniAnglia.build/AniAnglia-all-target-headers.hmap -Xcc -iquote -Xcc /Users/runner/work/AniAnglia-macOS/AniAnglia-macOS/build/Build/Intermediates.noindex/AniAnglia.build/Release/AniAnglia.build/AniAnglia-project-headers.hmap -Xcc -I/Users/runner/work/AniAnglia-macOS/AniAnglia-macOS/build/Build/Products/Release/include -Xcc -I/Users/runner/work/AniAnglia-macOS/AniAnglia-macOS/build/Build/Intermediates.noindex/AniAnglia.build/Release/AniAnglia.build/DerivedSources-normal/arm64 -Xcc -I/Users/runner/work/AniAnglia-macOS/AniAnglia-macOS/build/Build/Intermediates.noindex/AniAnglia.build/Release/AniAnglia.build/DerivedSources/arm64 -Xcc -I/Users/runner/work/AniAnglia-macOS/AniAnglia-macOS/build/Build/Intermediates.noindex/AniAnglia.build/Release/AniAnglia.build/DerivedSources -no-auto-bridging-header-chaining -module-name AniAnglia -frontend-parseable-output -disable-clang-spi -target-sdk-version 26.2 -target-sdk-name macosx26.2 -clang-target arm64-apple-macos26.2 -in-process-plugin-server-path /Applications/Xcode_26.3.app/Contents/Developer/Toolchains/XcodeDefault.xctoolchain/usr/lib/swift/host/libSwiftInProcPluginServer.dylib -enable-default-cmo -num-threads 3 -o /Users/runner/work/AniAnglia-macOS/AniAnglia-macOS/build/Build/Intermediates.noindex/AniAnglia.build/Release/AniAnglia.build/Objects-normal/arm64/AccountToolbar.o -o /Users/runner/work/AniAnglia-macOS/AniAnglia-macOS/build/Build/Intermediates.noindex/AniAnglia.build/Release/AniAnglia.build/Objects-normal/arm64/AniAngliaApp.o -o /Users/runner/work/AniAnglia-macOS/AniAnglia-macOS/build/Build/Intermediates.noindex/AniAnglia.build/Release/AniAnglia.build/Objects-normal/arm64/AnixartAPI.o -o /Users/runner/work/AniAnglia-macOS/AniAnglia-macOS/build/Build/Intermediates.noindex/AniAnglia.build/Release/AniAnglia.build/Objects-normal/arm64/AnixartGenres.o -o /Users/runner/work/AniAnglia-macOS/AniAnglia-macOS/build/Build/Intermediates.noindex/AniAnglia.build/Release/AniAnglia.build/Objects-normal/arm64/AppState.o -o /Users/runner/work/AniAnglia-macOS/AniAnglia-macOS/build/Build/Intermediates.noindex/AniAnglia.build/Release/AniAnglia.build/Objects-normal/arm64/AuthStore.o -o /Users/runner/work/AniAnglia-macOS/AniAnglia-macOS/build/Build/Intermediates.noindex/AniAnglia.build/Release/AniAnglia.build/Objects-normal/arm64/BookmarksView.o -o /Users/runner/work/AniAnglia-macOS/AniAnglia-macOS/build/Build/Intermediates.noindex/AniAnglia.build/Release/AniAnglia.build/Objects-normal/arm64/CatalogView.o -o /Users/runner/work/AniAnglia-macOS/AniAnglia-macOS/build/Build/Intermediates.noindex/AniAnglia.build/Release/AniAnglia.build/Objects-normal/arm64/Comment.o -o /Users/runner/work/AniAnglia-macOS/AniAnglia-macOS/build/Build/Intermediates.noindex/AniAnglia.build/Release/AniAnglia.build/Objects-normal/arm64/CommentsView.o -o /Users/runner/work/AniAnglia-macOS/AniAnglia-macOS/build/Build/Intermediates.noindex/AniAnglia.build/Release/AniAnglia.build/Objects-normal/arm64/ContentView.o -o /Users/runner/work/AniAnglia-macOS/AniAnglia-macOS/build/Build/Intermediates.noindex/AniAnglia.build/Release/AniAnglia.build/Objects-normal/arm64/Endpoints.o -o /Users/runner/work/AniAnglia-macOS/AniAnglia-macOS/build/Build/Intermediates.noindex/AniAnglia.build/Release/AniAnglia.build/Objects-normal/arm64/Episode.o -o /Users/runner/work/AniAnglia-macOS/AniAnglia-macOS/build/Build/Intermediates.noindex/AniAnglia.build/Release/AniAnglia.build/Objects-normal/arm64/EpisodesView.o -o /Users/runner/work/AniAnglia-macOS/AniAnglia-macOS/build/Build/Intermediates.noindex/AniAnglia.build/Release/AniAnglia.build/Objects-normal/arm64/GenresPickerButton.o -o /Users/runner/work/AniAnglia-macOS/AniAnglia-macOS/build/Build/Intermediates.noindex/AniAnglia.build/Release/AniAnglia.build/Objects-normal/arm64/HistoryView.o -o /Users/runner/work/AniAnglia-macOS/AniAnglia-macOS/build/Build/Intermediates.noindex/AniAnglia.build/Release/AniAnglia.build/Objects-normal/arm64/HomeView.o -o /Users/runner/work/AniAnglia-macOS/AniAnglia-macOS/build/Build/Intermediates.noindex/AniAnglia.build/Release/AniAnglia.build/Objects-normal/arm64/LoginSheet.o -o /Users/runner/work/AniAnglia-macOS/AniAnglia-macOS/build/Build/Intermediates.noindex/AniAnglia.build/Release/AniAnglia.build/Objects-normal/arm64/PlayerSettings.o -o /Users/runner/work/AniAnglia-macOS/AniAnglia-macOS/build/Build/Intermediates.noindex/AniAnglia.build/Release/AniAnglia.build/Objects-normal/arm64/Profile.o -o /Users/runner/work/AniAnglia-macOS/AniAnglia-macOS/build/Build/Intermediates.noindex/AniAnglia.build/Release/AniAnglia.build/Objects-normal/arm64/ProfileView.o -o /Users/runner/work/AniAnglia-macOS/AniAnglia-macOS/build/Build/Intermediates.noindex/AniAnglia.build/Release/AniAnglia.build/Objects-normal/arm64/Release.o -o /Users/runner/work/AniAnglia-macOS/AniAnglia-macOS/build/Build/Intermediates.noindex/AniAnglia.build/Release/AniAnglia.build/Objects-normal/arm64/ReleaseCard.o -o /Users/runner/work/AniAnglia-macOS/AniAnglia-macOS/build/Build/Intermediates.noindex/AniAnglia.build/Release/AniAnglia.build/Objects-normal/arm64/ReleaseDetailView.o -o /Users/runner/work/AniAnglia-macOS/AniAnglia-macOS/build/Build/Intermediates.noindex/AniAnglia.build/Release/AniAnglia.build/Objects-normal/arm64/RemoteImage.o -o /Users/runner/work/AniAnglia-macOS/AniAnglia-macOS/build/Build/Intermediates.noindex/AniAnglia.build/Release/AniAnglia.build/Objects-normal/arm64/ScreenshotsViewer.o -o /Users/runner/work/AniAnglia-macOS/AniAnglia-macOS/build/Build/Intermediates.noindex/AniAnglia.build/Release/AniAnglia.build/Objects-normal/arm64/SearchView.o -o /Users/runner/work/AniAnglia-macOS/AniAnglia-macOS/build/Build/Intermediates.noindex/AniAnglia.build/Release/AniAnglia.build/Objects-normal/arm64/SettingsView.o -o /Users/runner/work/AniAnglia-macOS/AniAnglia-macOS/build/Build/Intermediates.noindex/AniAnglia.build/Release/AniAnglia.build/Objects-normal/arm64/Video.o -o /Users/runner/work/AniAnglia-macOS/AniAnglia-macOS/build/Build/Intermediates.noindex/AniAnglia.build/Release/AniAnglia.build/Objects-normal/arm64/VideoPlayerSheet.o -index-unit-output-path /AniAnglia.build/Release/AniAnglia.build/Objects-normal/arm64/AccountToolbar.o -index-unit-output-path /AniAnglia.build/Release/AniAnglia.build/Objects-normal/arm64/AniAngliaApp.o -index-unit-output-path /AniAnglia.build/Release/AniAnglia.build/Objects-normal/arm64/AnixartAPI.o -index-unit-output-path /AniAnglia.build/Release/AniAnglia.build/Objects-normal/arm64/AnixartGenres.o -index-unit-output-path /AniAnglia.build/Release/AniAnglia.build/Objects-normal/arm64/AppState.o -index-unit-output-path /AniAnglia.build/Release/AniAnglia.build/Objects-normal/arm64/AuthStore.o -index-unit-output-path /AniAnglia.build/Release/AniAnglia.build/Objects-normal/arm64/BookmarksView.o -index-unit-output-path /AniAnglia.build/Release/AniAnglia.build/Objects-normal/arm64/CatalogView.o -index-unit-output-path /AniAnglia.build/Release/AniAnglia.build/Objects-normal/arm64/Comment.o -index-unit-output-path /AniAnglia.build/Release/AniAnglia.build/Objects-normal/arm64/CommentsView.o -index-unit-output-path /AniAnglia.build/Release/AniAnglia.build/Objects-normal/arm64/ContentView.o -index-unit-output-path /AniAnglia.build/Release/AniAnglia.build/Objects-normal/arm64/Endpoints.o -index-unit-output-path /AniAnglia.build/Release/AniAnglia.build/Objects-normal/arm64/Episode.o -index-unit-output-path /AniAnglia.build/Release/AniAnglia.build/Objects-normal/arm64/EpisodesView.o -index-unit-output-path /AniAnglia.build/Release/AniAnglia.build/Objects-normal/arm64/GenresPickerButton.o -index-unit-output-path /AniAnglia.build/Release/AniAnglia.build/Objects-normal/arm64/HistoryView.o -index-unit-output-path /AniAnglia.build/Release/AniAnglia.build/Objects-normal/arm64/HomeView.o -index-unit-output-path /AniAnglia.build/Release/AniAnglia.build/Objects-normal/arm64/LoginSheet.o -index-unit-output-path /AniAnglia.build/Release/AniAnglia.build/Objects-normal/arm64/PlayerSettings.o -index-unit-output-path /AniAnglia.build/Release/AniAnglia.build/Objects-normal/arm64/Profile.o -index-unit-output-path /AniAnglia.build/Release/AniAnglia.build/Objects-normal/arm64/ProfileView.o -index-unit-output-path /AniAnglia.build/Release/AniAnglia.build/Objects-normal/arm64/Release.o -index-unit-output-path /AniAnglia.build/Release/AniAnglia.build/Objects-normal/arm64/ReleaseCard.o -index-unit-output-path /AniAnglia.build/Release/AniAnglia.build/Objects-normal/arm64/ReleaseDetailView.o -index-unit-output-path /AniAnglia.build/Release/AniAnglia.build/Objects-normal/arm64/RemoteImage.o -index-unit-output-path /AniAnglia.build/Release/AniAnglia.build/Objects-normal/arm64/ScreenshotsViewer.o -index-unit-output-path /AniAnglia.build/Release/AniAnglia.build/Objects-normal/arm64/SearchView.o -index-unit-output-path /AniAnglia.build/Release/AniAnglia.build/Objects-normal/arm64/SettingsView.o -index-unit-output-path /AniAnglia.build/Release/AniAnglia.build/Objects-normal/arm64/Video.o -index-unit-output-path /AniAnglia.build/Release/AniAnglia.build/Objects-normal/arm64/VideoPlayerSheet.o
** BUILD FAILED **


The following build commands failed:
	CompileSwift normal arm64 (in target 'AniAnglia' from project 'AniAnglia')
	SwiftCompile normal arm64 Compiling\ AccountToolbar.swift,\ AniAngliaApp.swift,\ AnixartAPI.swift,\ AnixartGenres.swift,\ AppState.swift,\ AuthStore.swift,\ BookmarksView.swift,\ CatalogView.swift,\ Comment.swift,\ CommentsView.swift,\ ContentView.swift,\ Endpoints.swift,\ Episode.swift,\ EpisodesView.swift,\ GenresPickerButton.swift,\ HistoryView.swift,\ HomeView.swift,\ LoginSheet.swift,\ PlayerSettings.swift,\ Profile.swift,\ ProfileView.swift,\ Release.swift,\ ReleaseCard.swift,\ ReleaseDetailView.swift,\ RemoteImage.swift,\ ScreenshotsViewer.swift,\ SearchView.swift,\ SettingsView.swift,\ Video.swift,\ VideoPlayerSheet.swift /Users/runner/work/AniAnglia-macOS/AniAnglia-macOS/Sources/AniAnglia/Features/Account/AccountToolbar.swift /Users/runner/work/AniAnglia-macOS/AniAnglia-macOS/Sources/AniAnglia/AniAngliaApp.swift /Users/runner/work/AniAnglia-macOS/AniAnglia-macOS/Sources/AniAnglia/Networking/AnixartAPI.swift /Users/runner/work/AniAnglia-macOS/AniAnglia-macOS/Sources/AniAnglia/Models/AnixartGenres.swift /Users/runner/work/AniAnglia-macOS/AniAnglia-macOS/Sources/AniAnglia/AppState.swift /Users/runner/work/AniAnglia-macOS/AniAnglia-macOS/Sources/AniAnglia/Auth/AuthStore.swift /Users/runner/work/AniAnglia-macOS/AniAnglia-macOS/Sources/AniAnglia/Features/Bookmarks/BookmarksView.swift /Users/runner/work/AniAnglia-macOS/AniAnglia-macOS/Sources/AniAnglia/Features/Catalog/CatalogView.swift /Users/runner/work/AniAnglia-macOS/AniAnglia-macOS/Sources/AniAnglia/Models/Comment.swift /Users/runner/work/AniAnglia-macOS/AniAnglia-macOS/Sources/AniAnglia/Features/Release/CommentsView.swift /Users/runner/work/AniAnglia-macOS/AniAnglia-macOS/Sources/AniAnglia/ContentView.swift /Users/runner/work/AniAnglia-macOS/AniAnglia-macOS/Sources/AniAnglia/Networking/Endpoints.swift /Users/runner/work/AniAnglia-macOS/AniAnglia-macOS/Sources/AniAnglia/Models/Episode.swift /Users/runner/work/AniAnglia-macOS/AniAnglia-macOS/Sources/AniAnglia/Features/Release/EpisodesView.swift /Users/runner/work/AniAnglia-macOS/AniAnglia-macOS/Sources/AniAnglia/Features/Catalog/GenresPickerButton.swift /Users/runner/work/AniAnglia-macOS/AniAnglia-macOS/Sources/AniAnglia/Features/History/HistoryView.swift /Users/runner/work/AniAnglia-macOS/AniAnglia-macOS/Sources/AniAnglia/Features/Home/HomeView.swift /Users/runner/work/AniAnglia-macOS/AniAnglia-macOS/Sources/AniAnglia/Features/Account/LoginSheet.swift /Users/runner/work/AniAnglia-macOS/AniAnglia-macOS/Sources/AniAnglia/Features/Player/PlayerSettings.swift /Users/runner/work/AniAnglia-macOS/AniAnglia-macOS/Sources/AniAnglia/Models/Profile.swift /Users/runner/work/AniAnglia-macOS/AniAnglia-macOS/Sources/AniAnglia/Features/Profile/ProfileView.swift /Users/runner/work/AniAnglia-macOS/AniAnglia-macOS/Sources/AniAnglia/Models/Release.swift /Users/runner/work/AniAnglia-macOS/AniAnglia-macOS/Sources/AniAnglia/Common/ReleaseCard.swift /Users/runner/work/AniAnglia-macOS/AniAnglia-macOS/Sources/AniAnglia/Features/Release/ReleaseDetailView.swift /Users/runner/work/AniAnglia-macOS/AniAnglia-macOS/Sources/AniAnglia/Common/RemoteImage.swift /Users/runner/work/AniAnglia-macOS/AniAnglia-macOS/Sources/AniAnglia/Features/Release/ScreenshotsViewer.swift /Users/runner/work/AniAnglia-macOS/AniAnglia-macOS/Sources/AniAnglia/Features/Search/SearchView.swift /Users/runner/work/AniAnglia-macOS/AniAnglia-macOS/Sources/AniAnglia/Features/Settings/SettingsView.swift /Users/runner/work/AniAnglia-macOS/AniAnglia-macOS/Sources/AniAnglia/Models/Video.swift /Users/runner/work/AniAnglia-macOS/AniAnglia-macOS/Sources/AniAnglia/Features/Release/VideoPlayerSheet.swift /Applications/Xcode_26.3.app/Contents/Developer/Toolchains/XcodeDefault.xctoolchain/usr/lib/swift/macosx/prebuilt-modules/26.2/Distributed.swiftmodule/arm64e-apple-macos.swiftmodule /Applications/Xcode_26.3.app/Contents/Developer/Toolchains/XcodeDefault.xctoolchain/usr/lib/swift/macosx/prebuilt-modules/26.2/DataDetection.swiftmodule/arm64e-apple-macos.swiftmodule /Applications/Xcode_26.3.app/Contents/Developer/Toolchains/XcodeDefault.xctoolchain/usr/lib/swift/macosx/prebuilt-modules/26.2/CoreGraphics.swiftmodule/arm64e-apple-macos.swiftmodule /Applications/Xcode_26.3.app/Contents/Developer/Toolchains/XcodeDefault.xctoolchain/usr/lib/swift/macosx/prebuilt-modules/26.2/ObjectiveC.swiftmodule/arm64e-apple-macos.swiftmodule /Applications/Xcode_26.3.app/Contents/Developer/Toolchains/XcodeDefault.xctoolchain/usr/lib/swift/macosx/prebuilt-modules/26.2/_DarwinFoundation1.swiftmodule/arm64e-apple-macos.swiftmodule /Applications/Xcode_26.3.app/Contents/Developer/Toolchains/XcodeDefault.xctoolchain/usr/lib/swift/macosx/prebuilt-modules/26.2/Spatial.swiftmodule/arm64e-apple-macos.swiftmodule /Applications/Xcode_26.3.app/Contents/Developer/Toolchains/XcodeDefault.xctoolchain/usr/lib/swift/macosx/prebuilt-modules/26.2/Darwin.swiftmodule/arm64e-apple-macos.swiftmodule /Applications/Xcode_26.3.app/Contents/Developer/Toolchains/XcodeDefault.xctoolchain/usr/lib/swift/macosx/prebuilt-modules/26.2/Accessibility.swiftmodule/arm64e-apple-macos.swiftmodule /Applications/Xcode_26.3.app/Contents/Developer/Toolchains/XcodeDefault.xctoolchain/usr/lib/swift/macosx/prebuilt-modules/26.2/UniformTypeIdentifiers.swiftmodule/arm64e-apple-macos.swiftmodule /Applications/Xcode_26.3.app/Contents/Developer/Toolchains/XcodeDefault.xctoolchain/usr/lib/swift/macosx/prebuilt-modules/26.2/_DarwinFoundation2.swiftmodule/arm64e-apple-macos.swiftmodule /Applications/Xcode_26.3.app/Contents/Developer/Toolchains/XcodeDefault.xctoolchain/usr/lib/swift/macosx/prebuilt-modules/26.2/System.swiftmodule/arm64e-apple-macos.swiftmodule /Applications/Xcode_26.3.app/Contents/Developer/Toolchains/XcodeDefault.xctoolchain/usr/lib/swift/macosx/prebuilt-modules/26.2/CoreData.swiftmodule/arm64e-apple-macos.swiftmodule /Applications/Xcode_26.3.app/Contents/Developer/Toolchains/XcodeDefault.xctoolchain/usr/lib/swift/macosx/prebuilt-modules/26.2/WebKit.swiftmodule/arm64e-apple-macos.swiftmodule /Applications/Xcode_26.3.app/Contents/Developer/Toolchains/XcodeDefault.xctoolchain/usr/lib/swift/macosx/prebuilt-modules/26.2/Combine.swiftmodule/arm64e-apple-macos.swiftmodule /Applications/Xcode_26.3.app/Contents/Developer/Toolchains/XcodeDefault.xctoolchain/usr/lib/swift/macosx/prebuilt-modules/26.2/_Concurrency.swiftmodule/arm64e-apple-macos.swiftmodule /Applications/Xcode_26.3.app/Contents/Developer/Toolchains/XcodeDefault.xctoolchain/usr/lib/swift/macosx/prebuilt-modules/26.2/Metal.swiftmodule/arm64e-apple-macos.swiftmodule /Applications/Xcode_26.3.app/Contents/Developer/Toolchains/XcodeDefault.xctoolchain/usr/lib/swift/macosx/prebuilt-modules/26.2/Dispatch.swiftmodule/arm64e-apple-macos.swiftmodule /Applications/Xcode_26.3.app/Contents/Developer/Toolchains/XcodeDefault.xctoolchain/usr/lib/swift/macosx/prebuilt-modules/26.2/Swift.swiftmodule/arm64e-apple-macos.swiftmodule /Applications/Xcode_26.3.app/Contents/Developer/Toolchains/XcodeDefault.xctoolchain/usr/lib/swift/macosx/prebuilt-modules/26.2/DeveloperToolsSupport.swiftmodule/arm64e-apple-macos.swiftmodule /Applications/Xcode_26.3.app/Contents/Developer/Toolchains/XcodeDefault.xctoolchain/usr/lib/swift/macosx/prebuilt-modules/26.2/CoreImage.swiftmodule/arm64e-apple-macos.swiftmodule /Applications/Xcode_26.3.app/Contents/Developer/Toolchains/XcodeDefault.xctoolchain/usr/lib/swift/macosx/prebuilt-modules/26.2/Symbols.swiftmodule/arm64e-apple-macos.swiftmodule /Applications/Xcode_26.3.app/Contents/Developer/Toolchains/XcodeDefault.xctoolchain/usr/lib/swift/macosx/prebuilt-modules/26.2/_Builtin_float.swiftmodule/arm64e-apple-macos.swiftmodule /Applications/Xcode_26.3.app/Contents/Developer/Toolchains/XcodeDefault.xctoolchain/usr/lib/swift/macosx/prebuilt-modules/26.2/_StringProcessing.swiftmodule/arm64e-apple-macos.swiftmodule /Applications/Xcode_26.3.app/Contents/Developer/Toolchains/XcodeDefault.xctoolchain/usr/lib/swift/macosx/prebuilt-modules/26.2/Observation.swiftmodule/arm64e-apple-macos.swiftmodule /Applications/Xcode_26.3.app/Contents/Developer/Toolchains/XcodeDefault.xctoolchain/usr/lib/swift/macosx/prebuilt-modules/26.2/SwiftUI.swiftmodule/arm64e-apple-macos.swiftmodule /Applications/Xcode_26.3.app/Contents/Developer/Toolchains/XcodeDefault.xctoolchain/usr/lib/swift/macosx/prebuilt-modules/26.2/_WebKit_SwiftUI.swiftmodule/arm64e-apple-macos.swiftmodule /Applications/Xcode_26.3.app/Contents/Developer/Toolchains/XcodeDefault.xctoolchain/usr/lib/swift/macosx/prebuilt-modules/26.2/XPC.swiftmodule/arm64e-apple-macos.swiftmodule /Applications/Xcode_26.3.app/Contents/Developer/Toolchains/XcodeDefault.xctoolchain/usr/lib/swift/macosx/prebuilt-modules/26.2/CoreVideo.swiftmodule/arm64e-apple-macos.swiftmodule /Applications/Xcode_26.3.app/Contents/Developer/Toolchains/XcodeDefault.xctoolchain/usr/lib/swift/macosx/prebuilt-modules/26.2/QuartzCore.swiftmodule/arm64e-apple-macos.swiftmodule /Applications/Xcode_26.3.app/Contents/Developer/Toolchains/XcodeDefault.xctoolchain/usr/lib/swift/macosx/prebuilt-modules/26.2/AppKit.swiftmodule/arm64e-apple-macos.swiftmodule /Applications/Xcode_26.3.app/Contents/Developer/Toolchains/XcodeDefault.xctoolchain/usr/lib/swift/macosx/prebuilt-modules/26.2/Foundation.swiftmodule/arm64e-apple-macos.swiftmodule /Applications/Xcode_26.3.app/Contents/Developer/Toolchains/XcodeDefault.xctoolchain/usr/lib/swift/macosx/prebuilt-modules/26.2/IOKit.swiftmodule/arm64e-apple-macos.swiftmodule /Applications/Xcode_26.3.app/Contents/Developer/Toolchains/XcodeDefault.xctoolchain/usr/lib/swift/macosx/prebuilt-modules/26.2/os.swiftmodule/arm64e-apple-macos.swiftmodule /Applications/Xcode_26.3.app/Contents/Developer/Toolchains/XcodeDefault.xctoolchain/usr/lib/swift/macosx/prebuilt-modules/26.2/_DarwinFoundation3.swiftmodule/arm64e-apple-macos.swiftmodule /Applications/Xcode_26.3.app/Contents/Developer/Toolchains/XcodeDefault.xctoolchain/usr/lib/swift/macosx/prebuilt-modules/26.2/Network.swiftmodule/arm64e-apple-macos.swiftmodule /Applications/Xcode_26.3.app/Contents/Developer/Toolchains/XcodeDefault.xctoolchain/usr/lib/swift/macosx/prebuilt-modules/26.2/CoreText.swiftmodule/arm64e-apple-macos.swiftmodule /Applications/Xcode_26.3.app/Contents/Developer/Toolchains/XcodeDefault.xctoolchain/usr/lib/swift/macosx/prebuilt-modules/26.2/OSLog.swiftmodule/arm64e-apple-macos.swiftmodule /Applications/Xcode_26.3.app/Contents/Developer/Toolchains/XcodeDefault.xctoolchain/usr/lib/swift/macosx/prebuilt-modules/26.2/CoreTransferable.swiftmodule/arm64e-apple-macos.swiftmodule /Applications/Xcode_26.3.app/Contents/Developer/Toolchains/XcodeDefault.xctoolchain/usr/lib/swift/macosx/prebuilt-modules/26.2/SwiftUICore.swiftmodule/arm64e-apple-macos.swiftmodule /Applications/Xcode_26.3.app/Contents/Developer/Toolchains/XcodeDefault.xctoolchain/usr/lib/swift/macosx/prebuilt-modules/26.2/CoreFoundation.swiftmodule/arm64e-apple-macos.swiftmodule /Applications/Xcode_26.3.app/Contents/Developer/Toolchains/XcodeDefault.xctoolchain/usr/lib/swift/macosx/prebuilt-modules/26.2/simd.swiftmodule/arm64e-apple-macos.swiftmodule /Users/runner/work/AniAnglia-macOS/AniAnglia-macOS/build/ModuleCache.noindex/MachO-FT9OM9L1I8QFNMAHU84A1Y6J.pcm /Users/runner/work/AniAnglia-macOS/AniAnglia-macOS/build/ModuleCache.noindex/ptrcheck-3U7YF8I79UF80AD8LWMGMIQTR.pcm /Users/runner/work/AniAnglia-macOS/AniAnglia-macOS/build/ModuleCache.noindex/_DarwinFoundation3-1HCP1EC8XI5T48WP0I1LIZ69A.pcm /Users/runner/work/AniAnglia-macOS/AniAnglia-macOS/build/ModuleCache.noindex/CFNetwork-EYKDKQ90SIIAOLH9H6YZ2JP36.pcm /Users/runner/work/AniAnglia-macOS/AniAnglia-macOS/build/ModuleCache.noindex/SwiftUICore-P30ESFPV4VCBQ4QZ9B27VIJ9.pcm /Users/runner/work/AniAnglia-macOS/AniAnglia-macOS/build/ModuleCache.noindex/OpenGL-EGE12OXCJUOP0DZM5IRFW60UW.pcm /Users/runner/work/AniAnglia-macOS/AniAnglia-macOS/build/ModuleCache.noindex/OSLog-ERW0SRM8EC8UOT2HNKCB41MZF.pcm /Users/runner/work/AniAnglia-macOS/AniAnglia-macOS/build/ModuleCache.noindex/_Builtin_tgmath-7HUNLAD23UGZUXDSCGGC0PU7J.pcm /Users/runner/work/AniAnglia-macOS/AniAnglia-macOS/build/ModuleCache.noindex/dnssd-CG2FXGNV1I01FZ5PY5GFZPK60.pcm /Users/runner/work/AniAnglia-macOS/AniAnglia-macOS/build/ModuleCache.noindex/WebKit-67U0DOJ4OZIH8CX5LI4MC47B6.pcm /Users/runner/work/AniAnglia-macOS/AniAnglia-macOS/build/ModuleCache.noindex/Dispatch-UZ3K0QHIBHM2PI6J06I12M8Z.pcm /Users/runner/work/AniAnglia-macOS/AniAnglia-macOS/build/ModuleCache.noindex/CoreFoundation-1BCFV89PMRH15P6P8T1FOQZHS.pcm /Users/runner/work/AniAnglia-macOS/AniAnglia-macOS/build/ModuleCache.noindex/CoreImage-5QEWSVKVEDQI4KPVQ8NN9ZM8Y.pcm /Users/runner/work/AniAnglia-macOS/AniAnglia-macOS/build/ModuleCache.noindex/SwiftShims-6K6I0R8VVTLVG7VQJH5N79TFO.pcm /Users/runner/work/AniAnglia-macOS/AniAnglia-macOS/build/ModuleCache.noindex/CoreServices-F5DM5ZC78GBKL31HZGPFB9B3A.pcm /Users/runner/work/AniAnglia-macOS/AniAnglia-macOS/build/ModuleCache.noindex/CUPS-9HKOCSB29Y0S8X8FSCMT9MP99.pcm /Users/runner/work/AniAnglia-macOS/AniAnglia-macOS/build/ModuleCache.noindex/CoreVideo-D2B9Z37ACU9B6EAPJ7UD1WVRY.pcm /Users/runner/work/AniAnglia-macOS/AniAnglia-macOS/build/ModuleCache.noindex/os-D2FSDUYA033XD8B6911BSSXLO.pcm /Users/runner/work/AniAnglia-macOS/AniAnglia-macOS/build/ModuleCache.noindex/CoreGraphics-BWSWKPINS03JB7TXNJFYK6QUM.pcm /Users/runner/work/AniAnglia-macOS/AniAnglia-macOS/build/ModuleCache.noindex/Network-1IMBWJ66COWKLTL2NT2ELE1X3.pcm /Users/runner/work/AniAnglia-macOS/AniAnglia-macOS/build/ModuleCache.noindex/_Builtin_float-8DNR1RRL9AGSQ7T4VYZT71ADJ.pcm /Users/runner/work/AniAnglia-macOS/AniAnglia-macOS/build/ModuleCache.noindex/libkern-B92XMKJP04KD7ULV5K14IQOYZ.pcm /Users/runner/work/AniAnglia-macOS/AniAnglia-macOS/build/ModuleCache.noindex/IOSurface-881CDQHNYNBQHCC4GWSAZ7O2H.pcm /Users/runner/work/AniAnglia-macOS/AniAnglia-macOS/build/ModuleCache.noindex/QuartzCore-3O2WIYIJAWLHTC2BXAWL29EFW.pcm /Users/runner/work/AniAnglia-macOS/AniAnglia-macOS/build/ModuleCache.noindex/_Builtin_stdatomic-2JUBRSXQP5S8LEWOJ3UUNM0NE.pcm /Users/runner/work/AniAnglia-macOS/AniAnglia-macOS/build/ModuleCache.noindex/_DarwinFoundation1-IB7G8QR3EW60RD1W4GQY6SEZ.pcm /Users/runner/work/AniAnglia-macOS/AniAnglia-macOS/build/ModuleCache.noindex/Metal-6LQGWFDNDDASKP2K0A0I9T5OS.pcm /Users/runner/work/AniAnglia-macOS/AniAnglia-macOS/build/ModuleCache.noindex/Security-1M7UUD4IZFP10WM2E9Z6C01JX.pcm /Users/runner/work/AniAnglia-macOS/AniAnglia-macOS/build/ModuleCache.noindex/_Builtin_stddef-336C5LEAF8P1UF34MRLDIPZJ4.pcm /Users/runner/work/AniAnglia-macOS/AniAnglia-macOS/build/ModuleCache.noindex/Spatial-DGVKJ9OJP2YVSDS1F4TFMCYPD.pcm /Users/runner/work/AniAnglia-macOS/AniAnglia-macOS/build/ModuleCache.noindex/Darwin-1Z6XCBCQJDMLDSGEMMEREOZG7.pcm /Users/runner/work/AniAnglia-macOS/AniAnglia-macOS/build/ModuleCache.noindex/DeveloperToolsSupport-5PHPZE5IGWA1KHQB52K3U0MG.pcm /Users/runner/work/AniAnglia-macOS/AniAnglia-macOS/build/ModuleCache.noindex/libDER-AR49J2VI2JA64971B4ZDGDBMA.pcm /Users/runner/work/AniAnglia-macOS/AniAnglia-macOS/build/ModuleCache.noindex/DataDetection-3JUCZXUXKDCYGGN4LV5HMNVM0.pcm /Users/runner/work/AniAnglia-macOS/AniAnglia-macOS/build/ModuleCache.noindex/XPC-EHZ8U4Y8PKOEPF0FBGHF1M24I.pcm /Users/runner/work/AniAnglia-macOS/AniAnglia-macOS/build/ModuleCache.noindex/_AvailabilityInternal-2OASD23N8RI75KFRG5EOUP15B.pcm /Users/runner/work/AniAnglia-macOS/AniAnglia-macOS/build/ModuleCache.noindex/DiskArbitration-CGVHVCO0PEHWM0LDUU0CHIRK9.pcm /Users/runner/work/AniAnglia-macOS/AniAnglia-macOS/build/ModuleCache.noindex/Symbols-8OL9KIFO860SO0KZTHTYCYNIH.pcm /Users/runner/work/AniAnglia-macOS/AniAnglia-macOS/build/ModuleCache.noindex/_SwiftConcurrencyShims-D9PE6P7BY2YUI0DBUP5P7GYMK.pcm /Users/runner/work/AniAnglia-macOS/AniAnglia-macOS/build/ModuleCache.noindex/_DarwinFoundation2-E3XRTBY9RG2KQ29Z6NZHTE47F.pcm /Users/runner/work/AniAnglia-macOS/AniAnglia-macOS/build/ModuleCache.noindex/os_object-25Z1JF9YFYSVOQROQ4LYPAQRT.pcm /Users/runner/work/AniAnglia-macOS/AniAnglia-macOS/build/ModuleCache.noindex/os_workgroup-BQ6E4FAJUTVFMT9B3ISFGMC1Q.pcm /Users/runner/work/AniAnglia-macOS/AniAnglia-macOS/build/ModuleCache.noindex/sys_types-9ZP0A5MX32GMPDSKCD9MGP8DS.pcm /Users/runner/work/AniAnglia-macOS/AniAnglia-macOS/build/ModuleCache.noindex/ApplicationServices-9434NFGK1ZIR1I3IKY9FUZ07.pcm /Users/runner/work/AniAnglia-macOS/AniAnglia-macOS/build/ModuleCache.noindex/simd-EVPVO5L0L0R453MGM8J9SDJNA.pcm /Users/runner/work/AniAnglia-macOS/AniAnglia-macOS/build/ModuleCache.noindex/AppKit-8BL1WAF1PE64GJYPF8I0BKCKS.pcm /Users/runner/work/AniAnglia-macOS/AniAnglia-macOS/build/ModuleCache.noindex/_Builtin_inttypes-9SAEUUI1KD1VWFIJQH1A1QI4Z.pcm /Users/runner/work/AniAnglia-macOS/AniAnglia-macOS/build/ModuleCache.noindex/ImageIO-548TXNN95LPGUX5EFY6ER1FQS.pcm /Users/runner/work/AniAnglia-macOS/AniAnglia-macOS/build/ModuleCache.noindex/_Builtin_limits-6K62CP4A58YO4KN58E0P3PJW5.pcm /Users/runner/work/AniAnglia-macOS/AniAnglia-macOS/build/ModuleCache.noindex/UniformTypeIdentifiers-7513S1C8XOC3RZGP2YWEQFWT3.pcm /Users/runner/work/AniAnglia-macOS/AniAnglia-macOS/build/ModuleCache.noindex/Foundation-8LRUDOI6BL8QRVRY6OYVZPKLI.pcm /Users/runner/work/AniAnglia-macOS/AniAnglia-macOS/build/ModuleCache.noindex/_Builtin_stdbool-7AL9AZM3VDO0XLQ5YHB9DRI88.pcm /Users/runner/work/AniAnglia-macOS/AniAnglia-macOS/build/ModuleCache.noindex/IOKit-APJEFDU8KFQJM9LFI4Z5UR1IY.pcm /Users/runner/work/AniAnglia-macOS/AniAnglia-macOS/build/ModuleCache.noindex/SwiftUI-B77MUS672PNHNYPSFOQN7N4S9.pcm /Users/runner/work/AniAnglia-macOS/AniAnglia-macOS/build/ModuleCache.noindex/CoreData-ECPHOX83RM85IM8RRRYUFW4JV.pcm /Users/runner/work/AniAnglia-macOS/AniAnglia-macOS/build/ModuleCache.noindex/_Builtin_stdarg-8RF5JNALU66A0G0IFGRJWVYZ2.pcm /Users/runner/work/AniAnglia-macOS/AniAnglia-macOS/build/ModuleCache.noindex/CoreTransferable-8H2W473EX4KL5TPKU84XUF5K0.pcm /Users/runner/work/AniAnglia-macOS/AniAnglia-macOS/build/ModuleCache.noindex/JavaScriptCore-78TL359WFSTJV43DGU4DY5DTT.pcm /Users/runner/work/AniAnglia-macOS/AniAnglia-macOS/build/ModuleCache.noindex/Accessibility-AGZZSZR9BXZCGV5VD1FNUPTCQ.pcm /Users/runner/work/AniAnglia-macOS/AniAnglia-macOS/build/ModuleCache.noindex/ptrauth-F0LBONQN6S53ZA0M9NBI12YB8.pcm /Users/runner/work/AniAnglia-macOS/AniAnglia-macOS/build/ModuleCache.noindex/ObjectiveC-1PEWD37KDCDJHWBWZJO9J2WF4.pcm /Users/runner/work/AniAnglia-macOS/AniAnglia-macOS/build/ModuleCache.noindex/CoreText-76DOV5UIBYDQFRT5L2CLY5GXW.pcm /Users/runner/work/AniAnglia-macOS/AniAnglia-macOS/build/ModuleCache.noindex/_Builtin_intrinsics-9HXKQMRE0P3N8XADMUJSBCS81.pcm /Users/runner/work/AniAnglia-macOS/AniAnglia-macOS/build/ModuleCache.noindex/_Builtin_stdint-CDQK4QGC2U195XQ49I9G96NXB.pcm /Users/runner/work/AniAnglia-macOS/AniAnglia-macOS/build/ModuleCache.noindex/ColorSync-5SD74UMWP9URH7EKHD2QEBDBB.pcm /Users/runner/work/AniAnglia-macOS/AniAnglia-macOS/build/ModuleCache.noindex/launch-2ND7YE4DK2WFA3IXB6WVSZ36H.pcm /Users/runner/work/AniAnglia-macOS/AniAnglia-macOS/build/Build/Intermediates.noindex/AniAnglia.build/Release/AniAnglia.build/Objects-normal/arm64/AniAnglia-dependencies-1.json (in target 'AniAnglia' from project 'AniAnglia')
	Building project AniAnglia with scheme AniAnglia and configuration Release
(3 failures)
